Archive member included to satisfy reference by file (symbol)

/Users/ll/embedded-tools/arm-gnu-toolchain-13.3.rel1-darwin-arm64-arm-none-eabi/bin/../lib/gcc/arm-none-eabi/13.3.1/../../../../arm-none-eabi/lib/thumb/v7e-m+fp/hard/libc_nano.a(libc_a-exit.o)
                              /Users/ll/embedded-tools/arm-gnu-toolchain-13.3.rel1-darwin-arm64-arm-none-eabi/bin/../lib/gcc/arm-none-eabi/13.3.1/../../../../arm-none-eabi/lib/thumb/v7e-m+fp/hard/crt0.o (exit)
/Users/ll/embedded-tools/arm-gnu-toolchain-13.3.rel1-darwin-arm64-arm-none-eabi/bin/../lib/gcc/arm-none-eabi/13.3.1/../../../../arm-none-eabi/lib/thumb/v7e-m+fp/hard/libc_nano.a(libc_a-snprintf.o)
                              build/uart_comm_test.o (snprintf)
/Users/ll/embedded-tools/arm-gnu-toolchain-13.3.rel1-darwin-arm64-arm-none-eabi/bin/../lib/gcc/arm-none-eabi/13.3.1/../../../../arm-none-eabi/lib/thumb/v7e-m+fp/hard/libc_nano.a(libc_a-findfp.o)
                              /Users/ll/embedded-tools/arm-gnu-toolchain-13.3.rel1-darwin-arm64-arm-none-eabi/bin/../lib/gcc/arm-none-eabi/13.3.1/../../../../arm-none-eabi/lib/thumb/v7e-m+fp/hard/libc_nano.a(libc_a-exit.o) (__stdio_exit_handler)
/Users/ll/embedded-tools/arm-gnu-toolchain-13.3.rel1-darwin-arm64-arm-none-eabi/bin/../lib/gcc/arm-none-eabi/13.3.1/../../../../arm-none-eabi/lib/thumb/v7e-m+fp/hard/libc_nano.a(libc_a-vsnprintf.o)
                              build/uart_comm_test.o (vsnprintf)
/Users/ll/embedded-tools/arm-gnu-toolchain-13.3.rel1-darwin-arm64-arm-none-eabi/bin/../lib/gcc/arm-none-eabi/13.3.1/../../../../arm-none-eabi/lib/thumb/v7e-m+fp/hard/libc_nano.a(libc_a-fwalk.o)
                              /Users/ll/embedded-tools/arm-gnu-toolchain-13.3.rel1-darwin-arm64-arm-none-eabi/bin/../lib/gcc/arm-none-eabi/13.3.1/../../../../arm-none-eabi/lib/thumb/v7e-m+fp/hard/libc_nano.a(libc_a-findfp.o) (_fwalk_sglue)
/Users/ll/embedded-tools/arm-gnu-toolchain-13.3.rel1-darwin-arm64-arm-none-eabi/bin/../lib/gcc/arm-none-eabi/13.3.1/../../../../arm-none-eabi/lib/thumb/v7e-m+fp/hard/libc_nano.a(libc_a-memmove.o)
                              build/uart_comm_test.o (memmove)
/Users/ll/embedded-tools/arm-gnu-toolchain-13.3.rel1-darwin-arm64-arm-none-eabi/bin/../lib/gcc/arm-none-eabi/13.3.1/../../../../arm-none-eabi/lib/thumb/v7e-m+fp/hard/libc_nano.a(libc_a-memset.o)
                              /Users/ll/embedded-tools/arm-gnu-toolchain-13.3.rel1-darwin-arm64-arm-none-eabi/bin/../lib/gcc/arm-none-eabi/13.3.1/../../../../arm-none-eabi/lib/thumb/v7e-m+fp/hard/crt0.o (memset)
/Users/ll/embedded-tools/arm-gnu-toolchain-13.3.rel1-darwin-arm64-arm-none-eabi/bin/../lib/gcc/arm-none-eabi/13.3.1/../../../../arm-none-eabi/lib/thumb/v7e-m+fp/hard/libc_nano.a(libc_a-strncpy.o)
                              build/uart_comm_test.o (strncpy)
/Users/ll/embedded-tools/arm-gnu-toolchain-13.3.rel1-darwin-arm64-arm-none-eabi/bin/../lib/gcc/arm-none-eabi/13.3.1/../../../../arm-none-eabi/lib/thumb/v7e-m+fp/hard/libc_nano.a(libc_a-init.o)
                              /Users/ll/embedded-tools/arm-gnu-toolchain-13.3.rel1-darwin-arm64-arm-none-eabi/bin/../lib/gcc/arm-none-eabi/13.3.1/../../../../arm-none-eabi/lib/thumb/v7e-m+fp/hard/crt0.o (__libc_init_array)
/Users/ll/embedded-tools/arm-gnu-toolchain-13.3.rel1-darwin-arm64-arm-none-eabi/bin/../lib/gcc/arm-none-eabi/13.3.1/../../../../arm-none-eabi/lib/thumb/v7e-m+fp/hard/libc_nano.a(libc_a-lock.o)
                              /Users/ll/embedded-tools/arm-gnu-toolchain-13.3.rel1-darwin-arm64-arm-none-eabi/bin/../lib/gcc/arm-none-eabi/13.3.1/../../../../arm-none-eabi/lib/thumb/v7e-m+fp/hard/libc_nano.a(libc_a-findfp.o) (__retarget_lock_init_recursive)
/Users/ll/embedded-tools/arm-gnu-toolchain-13.3.rel1-darwin-arm64-arm-none-eabi/bin/../lib/gcc/arm-none-eabi/13.3.1/../../../../arm-none-eabi/lib/thumb/v7e-m+fp/hard/libc_nano.a(libc_a-impure.o)
                              /Users/ll/embedded-tools/arm-gnu-toolchain-13.3.rel1-darwin-arm64-arm-none-eabi/bin/../lib/gcc/arm-none-eabi/13.3.1/../../../../arm-none-eabi/lib/thumb/v7e-m+fp/hard/libc_nano.a(libc_a-snprintf.o) (_impure_ptr)
/Users/ll/embedded-tools/arm-gnu-toolchain-13.3.rel1-darwin-arm64-arm-none-eabi/bin/../lib/gcc/arm-none-eabi/13.3.1/../../../../arm-none-eabi/lib/thumb/v7e-m+fp/hard/libc_nano.a(libc_a-strlen.o)
                              build/uart_comm_test.o (strlen)
/Users/ll/embedded-tools/arm-gnu-toolchain-13.3.rel1-darwin-arm64-arm-none-eabi/bin/../lib/gcc/arm-none-eabi/13.3.1/../../../../arm-none-eabi/lib/thumb/v7e-m+fp/hard/libc_nano.a(libc_a-nano-svfprintf.o)
                              /Users/ll/embedded-tools/arm-gnu-toolchain-13.3.rel1-darwin-arm64-arm-none-eabi/bin/../lib/gcc/arm-none-eabi/13.3.1/../../../../arm-none-eabi/lib/thumb/v7e-m+fp/hard/libc_nano.a(libc_a-snprintf.o) (_svfprintf_r)
/Users/ll/embedded-tools/arm-gnu-toolchain-13.3.rel1-darwin-arm64-arm-none-eabi/bin/../lib/gcc/arm-none-eabi/13.3.1/../../../../arm-none-eabi/lib/thumb/v7e-m+fp/hard/libc_nano.a(libc_a-mallocr.o)
[...]
Memory Configuration

Name             Origin             Length             Attributes
RAM              0x20000000         0x00020000         xrw
FLASH            0x08000000         0x00080000         xr
*default*        0x00000000         0xffffffff

Linker script and memory map

LOAD /Users/ll/embedded-tools/arm-gnu-toolchain-13.3.rel1-darwin-arm64-arm-none-eabi/bin/../lib/gcc/arm-none-eabi/13.3.1/thumb/v7e-m+fp/hard/crti.o
LOAD /Users/ll/embedded-tools/arm-gnu-toolchain-13.3.rel1-darwin-arm64-arm-none-eabi/bin/../lib/gcc/arm-none-eabi/13.3.1/thumb/v7e-m+fp/hard/crtbegin.o
LOAD /Users/ll/embedded-tools/arm-gnu-toolchain-13.3.rel1-darwin-arm64-arm-none-eabi/bin/../lib/gcc/arm-none-eabi/13.3.1/../../../../arm-none-eabi/lib/thumb/v7e-m+fp/hard/crt0.o
LOAD build/system_stm32f4xx.o
LOAD build/gpio.o
LOAD build/uart.o
LOAD build/uart_comm_test.o
LOAD build/hal_stm32f4xx_hal.o
LOAD build/hal_stm32f4xx_hal_cortex.o
LOAD build/hal_stm32f4xx_hal_gpio.o
LOAD build/hal_stm32f4xx_hal_i2c.o
LOAD build/hal_stm32f4xx_hal_spi.o
LOAD build/hal_stm32f4xx_hal_uart.o
LOAD build/hal_stm32f4xx_hal_rcc.o
LOAD build/hal_stm32f4xx_hal_rcc_ex.o
LOAD build/hal_stm32f4xx_hal_pwr.o
LOAD build/hal_stm32f4xx_hal_pwr_ex.o
LOAD build/hal_stm32f4xx_hal_dma.o
LOAD build/hal_stm32f4xx_hal_tim.o
LOAD build/hal_stm32f4xx_hal_tim_ex.o
LOAD build/startup_stm32f411xe.o
LOAD /Users/ll/embedded-tools/arm-gnu-toolchain-13.3.rel1-darwin-arm64-arm-none-eabi/bin/../lib/gcc/arm-none-eabi/13.3.1/../../../../arm-none-eabi/lib/thumb/v7e-m+fp/hard/libc_nano.a
LOAD /Users/ll/embedded-tools/arm-gnu-toolchain-13.3.rel1-darwin-arm64-arm-none-eabi/bin/../lib/gcc/arm-none-eabi/13.3.1/../../../../arm-none-eabi/lib/thumb/v7e-m+fp/hard/libm.a
LOAD /Users/ll/embedded-tools/arm-gnu-toolchain-13.3.rel1-darwin-arm64-arm-none-eabi/bin/../lib/gcc/arm-none-eabi/13.3.1/../../../../arm-none-eabi/lib/thumb/v7e-m+fp/hard/libnosys.a
START GROUP
LOAD /Users/ll/embedded-tools/arm-gnu-toolchain-13.3.rel1-darwin-arm64-arm-none-eabi/bin/../lib/gcc/arm-none-eabi/13.3.1/thumb/v7e-m+fp/hard/libgcc.a
LOAD /Users/ll/embedded-tools/arm-gnu-toolchain-13.3.rel1-darwin-arm64-arm-none-eabi/bin/../lib/gcc/arm-none-eabi/13.3.1/../../../../arm-none-eabi/lib/thumb/v7e-m+fp/hard/libc_nano.a
END GROUP
START GROUP
LOAD /Users/ll/embedded-tools/arm-gnu-toolchain-13.3.rel1-darwin-arm64-arm-none-eabi/bin/../lib/gcc/arm-none-eabi/13.3.1/thumb/v7e-m+fp/hard/libgcc.a
LOAD /Users/ll/embedded-tools/arm-gnu-toolchain-13.3.rel1-darwin-arm64-arm-none-eabi/bin/../lib/gcc/arm-none-eabi/13.3.1/../../../../arm-none-eabi/lib/thumb/v7e-m+fp/hard/libc_nano.a
LOAD /Users/ll/embedded-tools/arm-gnu-toolchain-13.3.rel1-darwin-arm64-arm-none-eabi/bin/../lib/gcc/arm-none-eabi/13.3.1/../../../../arm-none-eabi/lib/thumb/v7e-m+fp/hard/libnosys.a
END GROUP
START GROUP
LOAD /Users/ll/embedded-tools/arm-gnu-toolchain-13.3.rel1-darwin-arm64-arm-none-eabi/bin/../lib/gcc/arm-none-eabi/13.3.1/thumb/v7e-m+fp/hard/libgcc.a
LOAD /Users/ll/embedded-tools/arm-gnu-toolchain-13.3.rel1-darwin-arm64-arm-none-eabi/bin/../lib/gcc/arm-none-eabi/13.3.1/../../../../arm-none-eabi/lib/thumb/v7e-m+fp/hard/libc_nano.a
LOAD /Users/ll/embedded-tools/arm-gnu-toolchain-13.3.rel1-darwin-arm64-arm-none-eabi/bin/../lib/gcc/arm-none-eabi/13.3.1/../../../../arm-none-eabi/lib/thumb/v7e-m+fp/hard/libnosys.a
END GROUP
LOAD /Users/ll/embedded-tools/arm-gnu-toolchain-13.3.rel1-darwin-arm64-arm-none-eabi/bin/../lib/gcc/arm-none-eabi/13.3.1/thumb/v7e-m+fp/hard/crtend.o
LOAD /Users/ll/embedded-tools/arm-gnu-toolchain-13.3.rel1-darwin-arm64-arm-none-eabi/bin/../lib/gcc/arm-none-eabi/13.3.1/thumb/v7e-m+fp/hard/crtn.o
                0x20020000                        _estack = (ORIGIN (RAM) + LENGTH (RAM))
                0x00000200                        _Min_Heap_Size = 0x200
                0x00000400                        _Min_Stack_Size = 0x400

.isr_vector     0x08000000      0x198
                0x08000000                        . = ALIGN (0x4)
 *(.isr_vector)
 .isr_vector    0x08000000      0x198 build/startup_stm32f411xe.o
                0x08000000                g_pfnVectors
                0x08000198                        . = ALIGN (0x4)

.text           0x080001a0     0x2084
                0x080001a0                        . = ALIGN (0x4)
 *(.text)
 .text          0x080001a0       0x10 /Users/ll/embedded-tools/arm-gnu-toolchain-13.3.rel1-darwin-arm64-arm-none-eabi/bin/../lib/gcc/arm-none-eabi/13.3.1/../../../../arm-none-eabi/lib/thumb/v7e-m+fp/hard/libc_nano.a(libc_a-strlen.o)
                0x080001a0                strlen
 .text          0x080001b0       0xa0 /Users/ll/embedded-tools/arm-gnu-toolchain-13.3.rel1-darwin-arm64-arm-none-eabi/bin/../lib/gcc/arm-none-eabi/13.3.1/../../../../arm-none-eabi/lib/thumb/v7e-m+fp/hard/libc_nano.a(libc_a-memchr.o)
                0x080001b0                memchr
 .text          0x08000250       0x30 /Users/ll/embedded-tools/arm-gnu-toolchain-13.3.rel1-darwin-arm64-arm-none-eabi/bin/../lib/gcc/arm-none-eabi/13.3.1/thumb/v7e-m+fp/hard/libgcc.a(_aeabi_uldivmod.o)
                0x08000250                __aeabi_uldivmod
 .text          0x08000280        0x4 /Users/ll/embedded-tools/arm-gnu-toolchain-13.3.rel1-darwin-arm64-arm-none-eabi/bin/../lib/gcc/arm-none-eabi/13.3.1/thumb/v7e-m+fp/hard/libgcc.a(_dvmd_tls.o)
                0x08000280                __aeabi_ldiv0
                0x08000280                __aeabi_idiv0
 *(.text*)
 .text.deregister_tm_clones
                0x08000284       0x1c /Users/ll/embedded-tools/arm-gnu-toolchain-13.3.rel1-darwin-arm64-arm-none-eabi/bin/../lib/gcc/arm-none-eabi/13.3.1/thumb/v7e-m+fp/hard/crtbegin.o
 .text.register_tm_clones
                0x080002a0       0x24 /Users/ll/embedded-tools/arm-gnu-toolchain-13.3.rel1-darwin-arm64-arm-none-eabi/bin/../lib/gcc/arm-none-eabi/13.3.1/thumb/v7e-m+fp/hard/crtbegin.o
 .text.__do_global_dtors_aux
                0x080002c4       0x28 /Users/ll/embedded-tools/arm-gnu-toolchain-13.3.rel1-darwin-arm64-arm-none-eabi/bin/../lib/gcc/arm-none-eabi/13.3.1/thumb/v7e-m+fp/hard/crtbegin.o
 .text.frame_dummy
                0x080002ec       0x24 /Users/ll/embedded-tools/arm-gnu-toolchain-13.3.rel1-darwin-arm64-arm-none-eabi/bin/../lib/gcc/arm-none-eabi/13.3.1/thumb/v7e-m+fp/hard/crtbegin.o
 .text.SystemInit
                0x08000310       0x14 build/system_stm32f4xx.o
                0x08000310                SystemInit
 .text.uart_get_hal_baudrate
                0x08000324        0x2 build/uart.o
 .text.uart_get_hal_wordlength
                0x08000326        0xe build/uart.o
 .text.uart_get_hal_stopbits
                0x08000334       0x22 build/uart.o
 .text.uart_get_hal_parity
                0x08000356       0x18 build/uart.o
 .text.uart_get_hal_mode
                0x0800036e       0x14 build/uart.o
 .text.uart_get_hal_hwflowctl
                0x08000382       0x22 build/uart.o
 .text.uart_convert_hal_error
                0x080003a4       0x34 build/uart.o
 .text.uart_get_hal_handle
                0x080003d8       0x1c build/uart.o
 .text.uart_gpio_init
                0x080003f4       0xb0 build/uart.o
 .text.uart_init
                0x080004a4       0xe4 build/uart.o
                0x080004a4                uart_init
 .text.uart_send
                0x08000588       0x88 build/uart.o
                0x08000588                uart_send
 .text.uart_receive
                0x08000610       0x88 build/uart.o
                0x08000610                uart_receive
 .text.__NVIC_SystemReset
                0x08000698       0x24 build/uart_comm_test.o
 .text.comm_build_message
                0x080006bc       0x64 build/uart_comm_test.o
 .text.comm_parse_message
                0x08000720       0x8c build/uart_comm_test.o
 .text.system_clock_config
                0x080007ac      0x124 build/uart_comm_test.o
 .text.debug_puts
                0x080008d0       0x1c build/uart_comm_test.o
 .text.debug_uart_init
                0x080008ec       0x80 build/uart_comm_test.o
 .text.wifi_uart_init
                0x0800096c       0x40 build/uart_comm_test.o
 .text.esp32_send_message
                0x080009ac       0x30 build/uart_comm_test.o
 .text.esp32_send_ack
                0x080009dc       0x2a build/uart_comm_test.o
 .text.debug_printf
                0x08000a06       0x26 build/uart_comm_test.o
 .text.process_message
                0x08000a2c       0x80 build/uart_comm_test.o
 .text.poll_receive
                0x08000aac       0x6c build/uart_comm_test.o
 .text.esp32_send_heartbeat
                0x08000b18       0x94 build/uart_comm_test.o
 .text.esp32_send_status
                0x08000bac       0x3a build/uart_comm_test.o
 .text.delay_ms
                0x08000be6        0x8 build/uart_comm_test.o
 *fill*         0x08000bee        0x2 
 .text.WWDG_IRQHandler
                0x08000bf0       0x10 build/uart_comm_test.o
                0x08000bf0                WWDG_IRQHandler
 .text.PVD_IRQHandler
                0x08000c00       0x10 build/uart_comm_test.o
                0x08000c00                PVD_IRQHandler
 .text.HardFault_Handler
                0x08000c10       0x10 build/uart_comm_test.o
                0x08000c10                HardFault_Handler
 .text.main     0x08000c20      0x140 build/uart_comm_test.o
                0x08000c20                main
 .text.HAL_MspInit
                0x08000d60        0x2 build/hal_stm32f4xx_hal.o
                0x08000d60                HAL_MspInit
 *fill*         0x08000d62        0x2 
 .text.HAL_InitTick
                0x08000d64       0x4c build/hal_stm32f4xx_hal.o
                0x08000d64                HAL_InitTick
 .text.HAL_Init
                0x08000db0       0x34 build/hal_stm32f4xx_hal.o
                0x08000db0                HAL_Init
 .text.HAL_GetTick
                0x08000de4        0xc build/hal_stm32f4xx_hal.o
                0x08000de4                HAL_GetTick
 .text.HAL_Delay
                0x08000df0       0x28 build/hal_stm32f4xx_hal.o
                0x08000df0                HAL_Delay
 .text.__NVIC_SetPriority
                0x08000e18       0x28 build/hal_stm32f4xx_hal_cortex.o
 .text.NVIC_EncodePriority
                0x08000e40       0x3e build/hal_stm32f4xx_hal_cortex.o
 *fill*         0x08000e7e        0x2 
 .text.HAL_NVIC_SetPriorityGrouping
                0x08000e80       0x24 build/hal_stm32f4xx_hal_cortex.o
                0x08000e80                HAL_NVIC_SetPriorityGrouping
 .text.HAL_NVIC_SetPriority
                0x08000ea4       0x20 build/hal_stm32f4xx_hal_cortex.o
                0x08000ea4                HAL_NVIC_SetPriority
 .text.HAL_SYSTICK_Config
                0x08000ec4       0x28 build/hal_stm32f4xx_hal_cortex.o
                0x08000ec4                HAL_SYSTICK_Config
 .text.HAL_GPIO_Init
                0x08000eec      0x1c8 build/hal_stm32f4xx_hal_gpio.o
                0x08000eec                HAL_GPIO_Init
 .text.UART_EndRxTransfer
                0x080010b4       0x5c build/hal_stm32f4xx_hal_uart.o
 .text.UART_SetConfig
                0x08001110      0x110 build/hal_stm32f4xx_hal_uart.o
 .text.UART_WaitOnFlagUntilTimeout
                0x08001220       0x86 build/hal_stm32f4xx_hal_uart.o
 .text.HAL_UART_MspInit
                0x080012a6        0x2 build/hal_stm32f4xx_hal_uart.o
                0x080012a6                HAL_UART_MspInit
 .text.HAL_UART_Init
                0x080012a8       0x60 build/hal_stm32f4xx_hal_uart.o
                0x080012a8                HAL_UART_Init
 .text.HAL_UART_Transmit
                0x08001308       0xcc build/hal_stm32f4xx_hal_uart.o
                0x08001308                HAL_UART_Transmit
 .text.HAL_UART_Receive
                0x080013d4       0xd2 build/hal_stm32f4xx_hal_uart.o
                0x080013d4                HAL_UART_Receive
 *fill*         0x080014a6        0x2 
 .text.HAL_RCC_GetHCLKFreq
                0x080014a8        0xc build/hal_stm32f4xx_hal_rcc.o
                0x080014a8                HAL_RCC_GetHCLKFreq
 .text.HAL_RCC_GetPCLK1Freq
                0x080014b4       0x20 build/hal_stm32f4xx_hal_rcc.o
                0x080014b4                HAL_RCC_GetPCLK1Freq
 .text.HAL_RCC_GetPCLK2Freq
                0x080014d4       0x20 build/hal_stm32f4xx_hal_rcc.o
                0x080014d4                HAL_RCC_GetPCLK2Freq
 .text.Reset_Handler
                0x080014f4       0x50 build/startup_stm32f411xe.o
                0x080014f4                Reset_Handler
 .text.Default_Handler
                0x08001544        0x2 build/startup_stm32f411xe.o
                0x08001544                DMA1_Stream3_IRQHandler
                0x08001544                EXTI2_IRQHandler
                0x08001544                DebugMon_Handler
                0x08001544                SPI4_IRQHandler
                0x08001544                TIM1_CC_IRQHandler
                0x08001544                DMA2_Stream5_IRQHandler
                0x08001544                DMA1_Stream5_IRQHandler
                0x08001544                SysTick_Handler
                0x08001544                SDIO_IRQHandler
                0x08001544                TAMP_STAMP_IRQHandler
                0x08001544                PendSV_Handler
                0x08001544                NMI_Handler
                0x08001544                EXTI3_IRQHandler
                0x08001544                TIM1_UP_TIM10_IRQHandler
                0x08001544                I2C3_ER_IRQHandler
                0x08001544                EXTI0_IRQHandler
                0x08001544                I2C2_EV_IRQHandler
                0x08001544                DMA1_Stream2_IRQHandler
                0x08001544                FPU_IRQHandler
                0x08001544                UsageFault_Handler
                0x08001544                DMA2_Stream2_IRQHandler
                0x08001544                SPI1_IRQHandler
                0x08001544                TIM1_BRK_TIM9_IRQHandler
                0x08001544                DMA2_Stream3_IRQHandler
                0x08001544                USART6_IRQHandler
                0x08001544                DMA2_Stream0_IRQHandler
                0x08001544                TIM4_IRQHandler
                0x08001544                I2C1_EV_IRQHandler
                0x08001544                DMA1_Stream6_IRQHandler
                0x08001544                DMA1_Stream1_IRQHandler
                0x08001544                TIM3_IRQHandler
                0x08001544                RCC_IRQHandler
                0x08001544                Default_Handler
                0x08001544                EXTI15_10_IRQHandler
                0x08001544                ADC_IRQHandler
                0x08001544                DMA1_Stream7_IRQHandler
                0x08001544                SPI5_IRQHandler
                0x08001544                TIM5_IRQHandler
                0x08001544                DMA2_Stream7_IRQHandler
                0x08001544                I2C3_EV_IRQHandler
                0x08001544                EXTI9_5_IRQHandler
                0x08001544                RTC_WKUP_IRQHandler
                0x08001544                SPI2_IRQHandler
                0x08001544                MemManage_Handler
                0x08001544                DMA1_Stream0_IRQHandler
                0x08001544                SVC_Handler
                0x08001544                EXTI4_IRQHandler
                0x08001544                TIM2_IRQHandler
                0x08001544                OTG_FS_WKUP_IRQHandler
                0x08001544                TIM1_TRG_COM_TIM11_IRQHandler
                0x08001544                EXTI1_IRQHandler
                0x08001544                USART2_IRQHandler
                0x08001544                I2C2_ER_IRQHandler
                0x08001544                DMA2_Stream1_IRQHandler
                0x08001544                FLASH_IRQHandler
                0x08001544                DMA2_Stream4_IRQHandler
                0x08001544                BusFault_Handler
                0x08001544                USART1_IRQHandler
                0x08001544                OTG_FS_IRQHandler
                0x08001544                SPI3_IRQHandler
                0x08001544                DMA1_Stream4_IRQHandler
                0x08001544                I2C1_ER_IRQHandler
                0x08001544                DMA2_Stream6_IRQHandler
                0x08001544                RTC_Alarm_IRQHandler
 *fill*         0x08001546        0x2 
 .text.snprintf
                0x08001548       0x6c /Users/ll/embedded-tools/arm-gnu-toolchain-13.3.rel1-darwin-arm64-arm-none-eabi/bin/../lib/gcc/arm-none-eabi/13.3.1/../../../../arm-none-eabi/lib/thumb/v7e-m+fp/hard/libc_nano.a(libc_a-snprintf.o)
                0x08001548                snprintf
                0x08001548                sniprintf
 .text._vsnprintf_r
                0x080015b4       0x5c /Users/ll/embedded-tools/arm-gnu-toolchain-13.3.rel1-darwin-arm64-arm-none-eabi/bin/../lib/gcc/arm-none-eabi/13.3.1/../../../../arm-none-eabi/lib/thumb/v7e-m+fp/hard/libc_nano.a(libc_a-vsnprintf.o)
                0x080015b4                _vsnprintf_r
                0x080015b4                _vsniprintf_r
 .text.vsnprintf
                0x08001610       0x1c /Users/ll/embedded-tools/arm-gnu-toolchain-13.3.rel1-darwin-arm64-arm-none-eabi/bin/../lib/gcc/arm-none-eabi/13.3.1/../../../../arm-none-eabi/lib/thumb/v7e-m+fp/hard/libc_nano.a(libc_a-vsnprintf.o)
                0x08001610                vsnprintf
                0x08001610                vsniprintf
 .text.memmove  0x0800162c       0x34 /Users/ll/embedded-tools/arm-gnu-toolchain-13.3.rel1-darwin-arm64-arm-none-eabi/bin/../lib/gcc/arm-none-eabi/13.3.1/../../../../arm-none-eabi/lib/thumb/v7e-m+fp/hard/libc_nano.a(libc_a-memmove.o)
                0x0800162c                memmove
 .text.strncpy  0x08001660       0x26 /Users/ll/embedded-tools/arm-gnu-toolchain-13.3.rel1-darwin-arm64-arm-none-eabi/bin/../lib/gcc/arm-none-eabi/13.3.1/../../../../arm-none-eabi/lib/thumb/v7e-m+fp/hard/libc_nano.a(libc_a-strncpy.o)
                0x08001660                strncpy
 *fill*         0x08001686        0x2 
 .text.__libc_init_array
                0x08001688       0x48 /Users/ll/embedded-tools/arm-gnu-toolchain-13.3.rel1-darwin-arm64-arm-none-eabi/bin/../lib/gcc/arm-none-eabi/13.3.1/../../../../arm-none-eabi/lib/thumb/v7e-m+fp/hard/libc_nano.a(libc_a-init.o)
                0x08001688                __libc_init_array
 .text.__retarget_lock_acquire_recursive
                0x080016d0        0x2 /Users/ll/embedded-tools/arm-gnu-toolchain-13.3.rel1-darwin-arm64-arm-none-eabi/bin/../lib/gcc/arm-none-eabi/13.3.1/../../../../arm-none-eabi/lib/thumb/v7e-m+fp/hard/libc_nano.a(libc_a-lock.o)
                0x080016d0                __retarget_lock_acquire_recursive
 .text.__retarget_lock_release_recursive
                0x080016d2        0x2 /Users/ll/embedded-tools/arm-gnu-toolchain-13.3.rel1-darwin-arm64-arm-none-eabi/bin/../lib/gcc/arm-none-eabi/13.3.1/../../../../arm-none-eabi/lib/thumb/v7e-m+fp/hard/libc_nano.a(libc_a-lock.o)
                0x080016d2                __retarget_lock_release_recursive
 .text.__ssputs_r
                0x080016d4       0xb6 /Users/ll/embedded-tools/arm-gnu-toolchain-13.3.rel1-darwin-arm64-arm-none-eabi/bin/../lib/gcc/arm-none-eabi/13.3.1/../../../../arm-none-eabi/lib/thumb/v7e-m+fp/hard/libc_nano.a(libc_a-nano-svfprintf.o)
                0x080016d4                __ssputs_r
 *fill*         0x0800178a        0x2 
 .text._svfprintf_r
                0x0800178c      0x1f8 /Users/ll/embedded-tools/arm-gnu-toolchain-13.3.rel1-darwin-arm64-arm-none-eabi/bin/../lib/gcc/arm-none-eabi/13.3.1/../../../../arm-none-eabi/lib/thumb/v7e-m+fp/hard/libc_nano.a(libc_a-nano-svfprintf.o)
                0x0800178c                _svfprintf_r
                0x0800178c                _svfiprintf_r
 .text.sbrk_aligned
                0x08001984       0x44 /Users/ll/embedded-tools/arm-gnu-toolchain-13.3.rel1-darwin-arm64-arm-none-eabi/bin/../lib/gcc/arm-none-eabi/13.3.1/../../../../arm-none-eabi/lib/thumb/v7e-m+fp/hard/libc_nano.a(libc_a-mallocr.o)
 .text._malloc_r
                0x080019c8      0x100 /Users/ll/embedded-tools/arm-gnu-toolchain-13.3.rel1-darwin-arm64-arm-none-eabi/bin/../lib/gcc/arm-none-eabi/13.3.1/../../../../arm-none-eabi/lib/thumb/v7e-m+fp/hard/libc_nano.a(libc_a-mallocr.o)
                0x080019c8                _malloc_r
 .text._printf_common
                0x08001ac8       0xda /Users/ll/embedded-tools/arm-gnu-toolchain-13.3.rel1-darwin-arm64-arm-none-eabi/bin/../lib/gcc/arm-none-eabi/13.3.1/../../../../arm-none-eabi/lib/thumb/v7e-m+fp/hard/libc_nano.a(libc_a-nano-vfprintf_i.o)
                0x08001ac8                _printf_common
 *fill*         0x08001ba2        0x2 
 .text._printf_i
                0x08001ba4      0x23c /Users/ll/embedded-tools/arm-gnu-toolchain-13.3.rel1-darwin-arm64-arm-none-eabi/bin/../lib/gcc/arm-none-eabi/13.3.1/../../../../arm-none-eabi/lib/thumb/v7e-m+fp/hard/libc_nano.a(libc_a-nano-vfprintf_i.o)
                0x08001ba4                _printf_i
 .text.__malloc_lock
                0x08001de0        0xc /Users/ll/embedded-tools/arm-gnu-toolchain-13.3.rel1-darwin-arm64-arm-none-eabi/bin/../lib/gcc/arm-none-eabi/13.3.1/../../../../arm-none-eabi/lib/thumb/v7e-m+fp/hard/libc_nano.a(libc_a-mlock.o)
                0x08001de0                __malloc_lock
 .text.__malloc_unlock
                0x08001dec        0xc /Users/ll/embedded-tools/arm-gnu-toolchain-13.3.rel1-darwin-arm64-arm-none-eabi/bin/../lib/gcc/arm-none-eabi/13.3.1/../../../../arm-none-eabi/lib/thumb/v7e-m+fp/hard/libc_nano.a(libc_a-mlock.o)
                0x08001dec                __malloc_unlock
 .text._realloc_r
                0x08001df8       0x5c /Users/ll/embedded-tools/arm-gnu-toolchain-13.3.rel1-darwin-arm64-arm-none-eabi/bin/../lib/gcc/arm-none-eabi/13.3.1/../../../../arm-none-eabi/lib/thumb/v7e-m+fp/hard/libc_nano.a(libc_a-reallocr.o)
                0x08001df8                _realloc_r
 .text._sbrk_r  0x08001e54       0x20 /Users/ll/embedded-tools/arm-gnu-toolchain-13.3.rel1-darwin-arm64-arm-none-eabi/bin/../lib/gcc/arm-none-eabi/13.3.1/../../../../arm-none-eabi/lib/thumb/v7e-m+fp/hard/libc_nano.a(libc_a-sbrkr.o)
                0x08001e54                _sbrk_r
 .text.memcpy   0x08001e74       0x1c /Users/ll/embedded-tools/arm-gnu-toolchain-13.3.rel1-darwin-arm64-arm-none-eabi/bin/../lib/gcc/arm-none-eabi/13.3.1/../../../../arm-none-eabi/lib/thumb/v7e-m+fp/hard/libc_nano.a(libc_a-memcpy-stub.o)
                0x08001e74                memcpy
 .text._free_r  0x08001e90       0x94 /Users/ll/embedded-tools/arm-gnu-toolchain-13.3.rel1-darwin-arm64-arm-none-eabi/bin/../lib/gcc/arm-none-eabi/13.3.1/../../../../arm-none-eabi/lib/thumb/v7e-m+fp/hard/libc_nano.a(libc_a-freer.o)
                0x08001e90                _free_r
 .text._malloc_usable_size_r
                0x08001f24       0x10 /Users/ll/embedded-tools/arm-gnu-toolchain-13.3.rel1-darwin-arm64-arm-none-eabi/bin/../lib/gcc/arm-none-eabi/13.3.1/../../../../arm-none-eabi/lib/thumb/v7e-m+fp/hard/libc_nano.a(libc_a-msizer.o)
                0x08001f24                _malloc_usable_size_r
 .text._sbrk    0x08001f34       0x1c /Users/ll/embedded-tools/arm-gnu-toolchain-13.3.rel1-darwin-arm64-arm-none-eabi/bin/../lib/gcc/arm-none-eabi/13.3.1/../../../../arm-none-eabi/lib/thumb/v7e-m+fp/hard/libnosys.a(sbrk.o)
                0x08001f34                _sbrk
 .text.__udivmoddi4
                0x08001f50      0x2bc /Users/ll/embedded-tools/arm-gnu-toolchain-13.3.rel1-darwin-arm64-arm-none-eabi/bin/../lib/gcc/arm-none-eabi/13.3.1/thumb/v7e-m+fp/hard/libgcc.a(_udivmoddi4.o)
                0x08001f50                __udivmoddi4
 *(.glue_7)
 .glue_7        0x0800220c        0x0 linker stubs
 *(.glue_7t)
 .glue_7t       0x0800220c        0x0 linker stubs
 *(.eh_frame)
 .eh_frame      0x0800220c        0x0 /Users/ll/embedded-tools/arm-gnu-toolchain-13.3.rel1-darwin-arm64-arm-none-eabi/bin/../lib/gcc/arm-none-eabi/13.3.1/thumb/v7e-m+fp/hard/crtbegin.o
 *(.init)
 .init          0x0800220c        0x4 /Users/ll/embedded-tools/arm-gnu-toolchain-13.3.rel1-darwin-arm64-arm-none-eabi/bin/../lib/gcc/arm-none-eabi/13.3.1/thumb/v7e-m+fp/hard/crti.o
                0x0800220c                _init
 .init          0x08002210        0x8 /Users/ll/embedded-tools/arm-gnu-toolchain-13.3.rel1-darwin-arm64-arm-none-eabi/bin/../lib/gcc/arm-none-eabi/13.3.1/thumb/v7e-m+fp/hard/crtn.o
 *(.fini)
 .fini          0x08002218        0x4 /Users/ll/embedded-tools/arm-gnu-toolchain-13.3.rel1-darwin-arm64-arm-none-eabi/bin/../lib/gcc/arm-none-eabi/13.3.1/thumb/v7e-m+fp/hard/crti.o
                0x08002218                _fini
 .fini          0x0800221c        0x8 /Users/ll/embedded-tools/arm-gnu-toolchain-13.3.rel1-darwin-arm64-arm-none-eabi/bin/../lib/gcc/arm-none-eabi/13.3.1/thumb/v7e-m+fp/hard/crtn.o
                0x08002224                        . = ALIGN (0x4)
                0x08002224                        _etext = .

.vfp11_veneer   0x08002224        0x0
 .vfp11_veneer  0x08002224        0x0 linker stubs

.v4_bx          0x08002224        0x0
 .v4_bx         0x08002224        0x0 linker stubs

.iplt           0x08002224        0x0
 .iplt          0x08002224        0x0 /Users/ll/embedded-tools/arm-gnu-toolchain-13.3.rel1-darwin-arm64-arm-none-eabi/bin/../lib/gcc/arm-none-eabi/13.3.1/thumb/v7e-m+fp/hard/crtbegin.o

.rodata         0x08002224      0x380
                0x08002224                        . = ALIGN (0x4)
 *(.rodata)
 .rodata        0x08002224       0x20 build/uart_comm_test.o
 *(.rodata*)
 .rodata.APBPrescTable
                0x08002244        0x8 build/system_stm32f4xx.o
                0x08002244                APBPrescTable
 .rodata.wifi_uart_init.str1.4
                0x0800224c      0x322 build/uart_comm_test.o
                                 0x51 (size before relaxing)
 .rodata.process_message.str1.4
                0x0800256e       0xac build/uart_comm_test.o
 .rodata.esp32_send_heartbeat.str1.4
                0x0800256e       0x71 build/uart_comm_test.o
 .rodata.HardFault_Handler.str1.4
                0x0800256e       0x15 build/uart_comm_test.o
 .rodata.main.str1.4
                0x0800256e      0x196 build/uart_comm_test.o
 .rodata._svfprintf_r.str1.1
                0x0800256e       0x33 /Users/ll/embedded-tools/arm-gnu-toolchain-13.3.rel1-darwin-arm64-arm-none-eabi/bin/../lib/gcc/arm-none-eabi/13.3.1/../../../../arm-none-eabi/lib/thumb/v7e-m+fp/hard/libc_nano.a(libc_a-nano-svfprintf.o)
                                 0x11 (size before relaxing)
 .rodata._printf_i.str1.1
                0x080025a1       0x22 /Users/ll/embedded-tools/arm-gnu-toolchain-13.3.rel1-darwin-arm64-arm-none-eabi/bin/../lib/gcc/arm-none-eabi/13.3.1/../../../../arm-none-eabi/lib/thumb/v7e-m+fp/hard/libc_nano.a(libc_a-nano-vfprintf_i.o)
                0x08002704                        . = ALIGN (0x4)
 *fill*         0x080025a1        0x3 

.ARM.extab      0x080025a4        0x0
                0x080025a4                        . = ALIGN (0x4)
 *(.ARM.extab* .gnu.linkonce.armextab.*)
                0x080025a4                        . = ALIGN (0x4)

.ARM            0x080025a4        0x8
                0x080025a4                        . = ALIGN (0x4)
                0x080025a4                        __exidx_start = .
 *(.ARM.exidx*)
 .ARM.exidx     0x080025a4        0x8 /Users/ll/embedded-tools/arm-gnu-toolchain-13.3.rel1-darwin-arm64-arm-none-eabi/bin/../lib/gcc/arm-none-eabi/13.3.1/../../../../arm-none-eabi/lib/thumb/v7e-m+fp/hard/libc_nano.a(libc_a-strlen.o)
 .ARM.exidx     0x080025ac        0x0 /Users/ll/embedded-tools/arm-gnu-toolchain-13.3.rel1-darwin-arm64-arm-none-eabi/bin/../lib/gcc/arm-none-eabi/13.3.1/../../../../arm-none-eabi/lib/thumb/v7e-m+fp/hard/libc_nano.a(libc_a-memchr.o)
                                  0x8 (size before relaxing)
 .ARM.exidx.text.__udivmoddi4
                0x080025ac        0x0 /Users/ll/embedded-tools/arm-gnu-toolchain-13.3.rel1-darwin-arm64-arm-none-eabi/bin/../lib/gcc/arm-none-eabi/13.3.1/thumb/v7e-m+fp/hard/libgcc.a(_udivmoddi4.o)
                                  0x8 (size before relaxing)
                0x080025ac                        __exidx_end = .
                0x080025ac                        . = ALIGN (0x4)

.rel.dyn        0x080025ac        0x0
 .rel.iplt      0x080025ac        0x0 /Users/ll/embedded-tools/arm-gnu-toolchain-13.3.rel1-darwin-arm64-arm-none-eabi/bin/../lib/gcc/arm-none-eabi/13.3.1/thumb/v7e-m+fp/hard/crtbegin.o

.preinit_array  0x080025ac        0x0
                0x080025ac                        . = ALIGN (0x4)
                0x080025ac                        PROVIDE (__preinit_array_start = .)
 *(.preinit_array*)
                0x080025ac                        PROVIDE (__preinit_array_end = .)
                0x080025ac                        . = ALIGN (0x4)

.init_array     0x080025ac        0x4
                0x080025ac                        . = ALIGN (0x4)
                0x080025ac                        PROVIDE (__init_array_start = .)
 *(SORT_BY_NAME(.init_array.*))
 *(.init_array*)
 .init_array    0x080025ac        0x4 /Users/ll/embedded-tools/arm-gnu-toolchain-13.3.rel1-darwin-arm64-arm-none-eabi/bin/../lib/gcc/arm-none-eabi/13.3.1/thumb/v7e-m+fp/hard/crtbegin.o
                0x080025b0                        PROVIDE (__init_array_end = .)
                0x080025b0                        . = ALIGN (0x4)

.fini_array     0x080025b0        0x4
                0x080025b0                        . = ALIGN (0x4)
                [!provide]                        PROVIDE (__fini_array_start = .)
 *(SORT_BY_NAME(.fini_array.*))
 *(.fini_array*)
 .fini_array    0x080025b0        0x4 /Users/ll/embedded-tools/arm-gnu-toolchain-13.3.rel1-darwin-arm64-arm-none-eabi/bin/../lib/gcc/arm-none-eabi/13.3.1/thumb/v7e-m+fp/hard/crtbegin.o
                [!provide]                        PROVIDE (__fini_array_end = .)
                0x080025b4                        . = ALIGN (0x4)
                0x080025b4                        _sidata = LOADADDR (.data)

.data           0x20000000       0x5c load address 0x080025b4
                0x20000000                        . = ALIGN (0x4)
                0x20000000                        _sdata = .
 *(.data)
 *(.data*)
 .data.SystemCoreClock
                0x20000000        0x4 build/system_stm32f4xx.o
                0x20000000                SystemCoreClock
 .data.uwTickFreq
                0x20000004        0x1 build/hal_stm32f4xx_hal.o
                0x20000004                uwTickFreq
 *fill*         0x20000005        0x3 
 .data.uwTickPrio
                0x20000008        0x4 build/hal_stm32f4xx_hal.o
                0x20000008                uwTickPrio
 .data._impure_ptr
                0x2000000c        0x4 /Users/ll/embedded-tools/arm-gnu-toolchain-13.3.rel1-darwin-arm64-arm-none-eabi/bin/../lib/gcc/arm-none-eabi/13.3.1/../../../../arm-none-eabi/lib/thumb/v7e-m+fp/hard/libc_nano.a(libc_a-impure.o)
                0x2000000c                _impure_ptr
 .data._impure_data
                0x20000010       0x4c /Users/ll/embedded-tools/arm-gnu-toolchain-13.3.rel1-darwin-arm64-arm-none-eabi/bin/../lib/gcc/arm-none-eabi/13.3.1/../../../../arm-none-eabi/lib/thumb/v7e-m+fp/hard/libc_nano.a(libc_a-impure.o)
                0x20000010                _impure_data
 *(.RamFunc)
 *(.RamFunc*)
                0x2000005c                        . = ALIGN (0x4)
                0x2000005c                        _edata = .

.tm_clone_table
                0x2000005c        0x0 load address 0x08002610
 .tm_clone_table
                0x2000005c        0x0 /Users/ll/embedded-tools/arm-gnu-toolchain-13.3.rel1-darwin-arm64-arm-none-eabi/bin/../lib/gcc/arm-none-eabi/13.3.1/thumb/v7e-m+fp/hard/crtbegin.o
 .tm_clone_table
                0x2000005c        0x0 /Users/ll/embedded-tools/arm-gnu-toolchain-13.3.rel1-darwin-arm64-arm-none-eabi/bin/../lib/gcc/arm-none-eabi/13.3.1/thumb/v7e-m+fp/hard/crtend.o

.igot.plt       0x2000005c        0x0 load address 0x08002610
 .igot.plt      0x2000005c        0x0 /Users/ll/embedded-tools/arm-gnu-toolchain-13.3.rel1-darwin-arm64-arm-none-eabi/bin/../lib/gcc/arm-none-eabi/13.3.1/thumb/v7e-m+fp/hard/crtbegin.o
                0x2000005c                        . = ALIGN (0x4)

.bss            0x2000005c      0x394 load address 0x08002610
                0x2000005c                        _sbss = .
                0x2000005c                        __bss_start__ = _sbss
 *(.bss)
 *(.bss*)
 .bss.completed.1
                0x2000005c        0x1 /Users/ll/embedded-tools/arm-gnu-toolchain-13.3.rel1-darwin-arm64-arm-none-eabi/bin/../lib/gcc/arm-none-eabi/13.3.1/thumb/v7e-m+fp/hard/crtbegin.o
 *fill*         0x2000005d        0x3 
 .bss.object.0  0x20000060       0x18 /Users/ll/embedded-tools/arm-gnu-toolchain-13.3.rel1-darwin-arm64-arm-none-eabi/bin/../lib/gcc/arm-none-eabi/13.3.1/thumb/v7e-m+fp/hard/crtbegin.o
 .bss.huart2    0x20000078       0x48 build/uart.o
 .bss.huart1    0x200000c0       0x48 build/uart.o
 .bss.send_errors.0
                0x20000108        0x4 build/uart_comm_test.o
 .bss.loop_counter
                0x2000010c        0x4 build/uart_comm_test.o
 .bss.last_heartbeat
                0x20000110        0x4 build/uart_comm_test.o
 .bss.rx_index  0x20000114        0x1 build/uart_comm_test.o
 *fill*         0x20000115        0x3 
 .bss.rx_buffer
                0x20000118      0x100 build/uart_comm_test.o
 .bss.comm_stats
                0x20000218       0x18 build/uart_comm_test.o
 .bss.wifi_uart
                0x20000230       0x28 build/uart_comm_test.o
 .bss.huart1    0x20000258       0x48 build/uart_comm_test.o
 .bss.uwTick    0x200002a0        0x4 build/hal_stm32f4xx_hal.o
                0x200002a0                uwTick
 .bss.__sf      0x200002a4      0x138 /Users/ll/embedded-tools/arm-gnu-toolchain-13.3.rel1-darwin-arm64-arm-none-eabi/bin/../lib/gcc/arm-none-eabi/13.3.1/../../../../arm-none-eabi/lib/thumb/v7e-m+fp/hard/libc_nano.a(libc_a-findfp.o)
                0x200002a4                __sf
 .bss.__lock___malloc_recursive_mutex
                0x200003dc        0x1 /Users/ll/embedded-tools/arm-gnu-toolchain-13.3.rel1-darwin-arm64-arm-none-eabi/bin/../lib/gcc/arm-none-eabi/13.3.1/../../../../arm-none-eabi/lib/thumb/v7e-m+fp/hard/libc_nano.a(libc_a-lock.o)
                0x200003dc                __lock___malloc_recursive_mutex
 *fill*         0x200003dd        0x3 
 .bss.__malloc_sbrk_start
                0x200003e0        0x4 /Users/ll/embedded-tools/arm-gnu-toolchain-13.3.rel1-darwin-arm64-arm-none-eabi/bin/../lib/gcc/arm-none-eabi/13.3.1/../../../../arm-none-eabi/lib/thumb/v7e-m+fp/hard/libc_nano.a(libc_a-mallocr.o)
                0x200003e0                __malloc_sbrk_start
 .bss.__malloc_free_list
                0x200003e4        0x4 /Users/ll/embedded-tools/arm-gnu-toolchain-13.3.rel1-darwin-arm64-arm-none-eabi/bin/../lib/gcc/arm-none-eabi/13.3.1/../../../../arm-none-eabi/lib/thumb/v7e-m+fp/hard/libc_nano.a(libc_a-mallocr.o)
                0x200003e4                __malloc_free_list
 .bss.errno     0x200003e8        0x4 /Users/ll/embedded-tools/arm-gnu-toolchain-13.3.rel1-darwin-arm64-arm-none-eabi/bin/../lib/gcc/arm-none-eabi/13.3.1/../../../../arm-none-eabi/lib/thumb/v7e-m+fp/hard/libc_nano.a(libc_a-reent.o)
                0x200003e8                errno
 .bss.heap_end.0
                0x200003ec        0x4 /Users/ll/embedded-tools/arm-gnu-toolchain-13.3.rel1-darwin-arm64-arm-none-eabi/bin/../lib/gcc/arm-none-eabi/13.3.1/../../../../arm-none-eabi/lib/thumb/v7e-m+fp/hard/libnosys.a(sbrk.o)
 *(COMMON)
                0x200003f0                        . = ALIGN (0x4)
                0x200003f0                        _ebss = .
                0x200003f0                        __bss_end__ = _ebss

._user_heap_stack
                0x200003f0      0x600 load address 0x08002610
                0x200003f0                        . = ALIGN (0x8)
                0x200003f0                        PROVIDE (end = .)
                [!provide]                        PROVIDE (_end = .)
                0x200005f0                        . = (. + _Min_Heap_Size)
 *fill*         0x200003f0      0x200 
                0x200009f0                        . = (. + _Min_Stack_Size)
 *fill*         0x200005f0      0x400 
                0x200009f0                        . = ALIGN (0x8)

/DISCARD/
 libc.a(*)
 libm.a(*)
 libgcc.a(*)

.ARM.attributes
                0x00000000       0x30
 *(.ARM.attributes)
 .ARM.attributes
                0x00000000       0x22 /Users/ll/embedded-tools/arm-gnu-toolchain-13.3.rel1-darwin-arm64-arm-none-eabi/bin/../lib/gcc/arm-none-eabi/13.3.1/thumb/v7e-m+fp/hard/crti.o
 .ARM.attributes
                0x00000022       0x34 /Users/ll/embedded-tools/arm-gnu-toolchain-13.3.rel1-darwin-arm64-arm-none-eabi/bin/../lib/gcc/arm-none-eabi/13.3.1/thumb/v7e-m+fp/hard/crtbegin.o
 .ARM.attributes
                0x00000056       0x34 build/system_stm32f4xx.o
 .ARM.attributes
                0x0000008a       0x34 build/uart.o
 .ARM.attributes
                0x000000be       0x34 build/uart_comm_test.o
 .ARM.attributes
                0x000000f2       0x34 build/hal_stm32f4xx_hal.o
 .ARM.attributes
                0x00000126       0x34 build/hal_stm32f4xx_hal_cortex.o
 .ARM.attributes
                0x0000015a       0x34 build/hal_stm32f4xx_hal_gpio.o
 .ARM.attributes
                0x0000018e       0x34 build/hal_stm32f4xx_hal_uart.o
 .ARM.attributes
                0x000001c2       0x34 build/hal_stm32f4xx_hal_rcc.o
 .ARM.attributes
                0x000001f6       0x21 build/startup_stm32f411xe.o
 .ARM.attributes
                0x00000217       0x34 /Users/ll/embedded-tools/arm-gnu-toolchain-13.3.rel1-darwin-arm64-arm-none-eabi/bin/../lib/gcc/arm-none-eabi/13.3.1/../../../../arm-none-eabi/lib/thumb/v7e-m+fp/hard/libc_nano.a(libc_a-snprintf.o)
 .ARM.attributes
                0x0000024b       0x34 /Users/ll/embedded-tools/arm-gnu-toolchain-13.3.rel1-darwin-arm64-arm-none-eabi/bin/../lib/gcc/arm-none-eabi/13.3.1/../../../../arm-none-eabi/lib/thumb/v7e-m+fp/hard/libc_nano.a(libc_a-findfp.o)
 .ARM.attributes
                0x0000027f       0x34 /Users/ll/embedded-tools/arm-gnu-toolchain-13.3.rel1-darwin-arm64-arm-none-eabi/bin/../lib/gcc/arm-none-eabi/13.3.1/../../../../arm-none-eabi/lib/thumb/v7e-m+fp/hard/libc_nano.a(libc_a-vsnprintf.o)
 .ARM.attributes
                0x000002b3       0x34 /Users/ll/embedded-tools/arm-gnu-toolchain-13.3.rel1-darwin-arm64-arm-none-eabi/bin/../lib/gcc/arm-none-eabi/13.3.1/../../../../arm-none-eabi/lib/thumb/v7e-m+fp/hard/libc_nano.a(libc_a-memmove.o)
 .ARM.attributes
                0x000002e7       0x34 /Users/ll/embedded-tools/arm-gnu-toolchain-13.3.rel1-darwin-arm64-arm-none-eabi/bin/../lib/gcc/arm-none-eabi/13.3.1/../../../../arm-none-eabi/lib/thumb/v7e-m+fp/hard/libc_nano.a(libc_a-strncpy.o)
 .ARM.attributes
                0x0000031b       0x34 /Users/ll/embedded-tools/arm-gnu-toolchain-13.3.rel1-darwin-arm64-arm-none-eabi/bin/../lib/gcc/arm-none-eabi/13.3.1/../../../../arm-none-eabi/lib/thumb/v7e-m+fp/hard/libc_nano.a(libc_a-init.o)
 .ARM.attributes
                0x0000034f       0x34 /Users/ll/embedded-tools/arm-gnu-toolchain-13.3.rel1-darwin-arm64-arm-none-eabi/bin/../lib/gcc/arm-none-eabi/13.3.1/../../../../arm-none-eabi/lib/thumb/v7e-m+fp/hard/libc_nano.a(libc_a-lock.o)
 .ARM.attributes
                0x00000383       0x34 /Users/ll/embedded-tools/arm-gnu-toolchain-13.3.rel1-darwin-arm64-arm-none-eabi/bin/../lib/gcc/arm-none-eabi/13.3.1/../../../../arm-none-eabi/lib/thumb/v7e-m+fp/hard/libc_nano.a(libc_a-impure.o)
 .ARM.attributes
                0x000003b7       0x17 /Users/ll/embedded-tools/arm-gnu-toolchain-13.3.rel1-darwin-arm64-arm-none-eabi/bin/../lib/gcc/arm-none-eabi/13.3.1/../../../../arm-none-eabi/lib/thumb/v7e-m+fp/hard/libc_nano.a(libc_a-strlen.o)
 .ARM.attributes
                0x000003ce       0x34 /Users/ll/embedded-tools/arm-gnu-toolchain-13.3.rel1-darwin-arm64-arm-none-eabi/bin/../lib/gcc/arm-none-eabi/13.3.1/../../../../arm-none-eabi/lib/thumb/v7e-m+fp/hard/libc_nano.a(libc_a-nano-svfprintf.o)
 .ARM.attributes
                0x00000402       0x34 /Users/ll/embedded-tools/arm-gnu-toolchain-13.3.rel1-darwin-arm64-arm-none-eabi/bin/../lib/gcc/arm-none-eabi/13.3.1/../../../../arm-none-eabi/lib/thumb/v7e-m+fp/hard/libc_nano.a(libc_a-mallocr.o)
 .ARM.attributes
                0x00000436       0x34 /Users/ll/embedded-tools/arm-gnu-toolchain-13.3.rel1-darwin-arm64-arm-none-eabi/bin/../lib/gcc/arm-none-eabi/13.3.1/../../../../arm-none-eabi/lib/thumb/v7e-m+fp/hard/libc_nano.a(libc_a-nano-vfprintf_i.o)
 .ARM.attributes
                0x0000046a       0x34 /Users/ll/embedded-tools/arm-gnu-toolchain-13.3.rel1-darwin-arm64-arm-none-eabi/bin/../lib/gcc/arm-none-eabi/13.3.1/../../../../arm-none-eabi/lib/thumb/v7e-m+fp/hard/libc_nano.a(libc_a-mlock.o)
 .ARM.attributes
                0x0000049e       0x34 /Users/ll/embedded-tools/arm-gnu-toolchain-13.3.rel1-darwin-arm64-arm-none-eabi/bin/../lib/gcc/arm-none-eabi/13.3.1/../../../../arm-none-eabi/lib/thumb/v7e-m+fp/hard/libc_nano.a(libc_a-reallocr.o)
 .ARM.attributes
                0x000004d2       0x34 /Users/ll/embedded-tools/arm-gnu-toolchain-13.3.rel1-darwin-arm64-arm-none-eabi/bin/../lib/gcc/arm-none-eabi/13.3.1/../../../../arm-none-eabi/lib/thumb/v7e-m+fp/hard/libc_nano.a(libc_a-sbrkr.o)
 .ARM.attributes
                0x00000506       0x34 /Users/ll/embedded-tools/arm-gnu-toolchain-13.3.rel1-darwin-arm64-arm-none-eabi/bin/../lib/gcc/arm-none-eabi/13.3.1/../../../../arm-none-eabi/lib/thumb/v7e-m+fp/hard/libc_nano.a(libc_a-reent.o)
 .ARM.attributes
                0x0000053a       0x1c /Users/ll/embedded-tools/arm-gnu-toolchain-13.3.rel1-darwin-arm64-arm-none-eabi/bin/../lib/gcc/arm-none-eabi/13.3.1/../../../../arm-none-eabi/lib/thumb/v7e-m+fp/hard/libc_nano.a(libc_a-memchr.o)
 .ARM.attributes
                0x00000556       0x34 /Users/ll/embedded-tools/arm-gnu-toolchain-13.3.rel1-darwin-arm64-arm-none-eabi/bin/../lib/gcc/arm-none-eabi/13.3.1/../../../../arm-none-eabi/lib/thumb/v7e-m+fp/hard/libc_nano.a(libc_a-memcpy-stub.o)
 .ARM.attributes
                0x0000058a       0x34 /Users/ll/embedded-tools/arm-gnu-toolchain-13.3.rel1-darwin-arm64-arm-none-eabi/bin/../lib/gcc/arm-none-eabi/13.3.1/../../../../arm-none-eabi/lib/thumb/v7e-m+fp/hard/libc_nano.a(libc_a-freer.o)
 .ARM.attributes
                0x000005be       0x34 /Users/ll/embedded-tools/arm-gnu-toolchain-13.3.rel1-darwin-arm64-arm-none-eabi/bin/../lib/gcc/arm-none-eabi/13.3.1/../../../../arm-none-eabi/lib/thumb/v7e-m+fp/hard/libc_nano.a(libc_a-msizer.o)
 .ARM.attributes
                0x000005f2       0x34 /Users/ll/embedded-tools/arm-gnu-toolchain-13.3.rel1-darwin-arm64-arm-none-eabi/bin/../lib/gcc/arm-none-eabi/13.3.1/../../../../arm-none-eabi/lib/thumb/v7e-m+fp/hard/libnosys.a(sbrk.o)
 .ARM.attributes
                0x00000626       0x22 /Users/ll/embedded-tools/arm-gnu-toolchain-13.3.rel1-darwin-arm64-arm-none-eabi/bin/../lib/gcc/arm-none-eabi/13.3.1/thumb/v7e-m+fp/hard/libgcc.a(_aeabi_uldivmod.o)
 .ARM.attributes
                0x00000648       0x34 /Users/ll/embedded-tools/arm-gnu-toolchain-13.3.rel1-darwin-arm64-arm-none-eabi/bin/../lib/gcc/arm-none-eabi/13.3.1/thumb/v7e-m+fp/hard/libgcc.a(_udivmoddi4.o)
 .ARM.attributes
                0x0000067c       0x22 /Users/ll/embedded-tools/arm-gnu-toolchain-13.3.rel1-darwin-arm64-arm-none-eabi/bin/../lib/gcc/arm-none-eabi/13.3.1/thumb/v7e-m+fp/hard/libgcc.a(_dvmd_tls.o)
 .ARM.attributes
                0x0000069e       0x34 /Users/ll/embedded-tools/arm-gnu-toolchain-13.3.rel1-darwin-arm64-arm-none-eabi/bin/../lib/gcc/arm-none-eabi/13.3.1/thumb/v7e-m+fp/hard/crtend.o
 .ARM.attributes
                0x000006d2       0x22 /Users/ll/embedded-tools/arm-gnu-toolchain-13.3.rel1-darwin-arm64-arm-none-eabi/bin/../lib/gcc/arm-none-eabi/13.3.1/thumb/v7e-m+fp/hard/crtn.o
OUTPUT(build/uart_comm_test.elf elf32-littlearm)
LOAD linker stubs
LOAD /Users/ll/embedded-tools/arm-gnu-toolchain-13.3.rel1-darwin-arm64-arm-none-eabi/bin/../lib/gcc/arm-none-eabi/13.3.1/../../../../arm-none-eabi/lib/thumb/v7e-m+fp/hard/libc.a
LOAD /Users/ll/embedded-tools/arm-gnu-toolchain-13.3.rel1-darwin-arm64-arm-none-eabi/bin/../lib/gcc/arm-none-eabi/13.3.1/../../../../arm-none-eabi/lib/thumb/v7e-m+fp/hard/libm.a
LOAD /Users/ll/embedded-tools/arm-gnu-toolchain-13.3.rel1-darwin-arm64-arm-none-eabi/bin/../lib/gcc/arm-none-eabi/13.3.1/thumb/v7e-m+fp/hard/libgcc.a

.debug_info     0x00000000     0xb0be
 .debug_info    0x00000000      0x5e9 build/system_stm32f4xx.o
 .debug_info    0x000005e9     0x166e build/uart.o
 .debug_info    0x00001c57     0x2034 build/uart_comm_test.o
 .debug_info    0x00003c8b      0xa95 build/hal_stm32f4xx_hal.o
 .debug_info    0x00004720     0x1154 build/hal_stm32f4xx_hal_cortex.o
 .debug_info    0x00005874      0x876 build/hal_stm32f4xx_hal_gpio.o
 .debug_info    0x000060ea     0x4399 build/hal_stm32f4xx_hal_uart.o
 .debug_info    0x0000a483      0xc3b build/hal_stm32f4xx_hal_rcc.o

.debug_abbrev   0x00000000     0x1708
 .debug_abbrev  0x00000000      0x11e build/system_stm32f4xx.o
 .debug_abbrev  0x0000011e      0x2ab build/uart.o
 .debug_abbrev  0x000003c9      0x468 build/uart_comm_test.o
 .debug_abbrev  0x00000831      0x278 build/hal_stm32f4xx_hal.o
 .debug_abbrev  0x00000aa9      0x3cd build/hal_stm32f4xx_hal_cortex.o
 .debug_abbrev  0x00000e76      0x22e build/hal_stm32f4xx_hal_gpio.o
 .debug_abbrev  0x000010a4      0x383 build/hal_stm32f4xx_hal_uart.o
 .debug_abbrev  0x00001427      0x2e1 build/hal_stm32f4xx_hal_rcc.o

.debug_loc      0x00000000     0x8506
 .debug_loc     0x00000000      0x181 build/system_stm32f4xx.o
 .debug_loc     0x00000181      0xff7 build/uart.o
 .debug_loc     0x00001178      0xb6a build/uart_comm_test.o
 .debug_loc     0x00001ce2      0x1f9 build/hal_stm32f4xx_hal.o
 .debug_loc     0x00001edb      0x8ff build/hal_stm32f4xx_hal_cortex.o
 .debug_loc     0x000027da      0x60b build/hal_stm32f4xx_hal_gpio.o
 .debug_loc     0x00002de5     0x5001 build/hal_stm32f4xx_hal_uart.o
 .debug_loc     0x00007de6      0x720 build/hal_stm32f4xx_hal_rcc.o

.debug_aranges  0x00000000      0x658
 .debug_aranges
                0x00000000       0x28 build/system_stm32f4xx.o
 .debug_aranges
                0x00000028       0xb0 build/uart.o
 .debug_aranges
                0x000000d8       0xb0 build/uart_comm_test.o
 .debug_aranges
                0x00000188       0xf0 build/hal_stm32f4xx_hal.o
 .debug_aranges
                0x00000278       0xf8 build/hal_stm32f4xx_hal_cortex.o
 .debug_aranges
                0x00000370       0x58 build/hal_stm32f4xx_hal_gpio.o
 .debug_aranges
                0x000003c8      0x208 build/hal_stm32f4xx_hal_uart.o
 .debug_aranges
                0x000005d0       0x88 build/hal_stm32f4xx_hal_rcc.o

.debug_ranges   0x00000000      0x680
 .debug_ranges  0x00000000       0x18 build/system_stm32f4xx.o
 .debug_ranges  0x00000018       0xa0 build/uart.o
 .debug_ranges  0x000000b8      0x118 build/uart_comm_test.o
 .debug_ranges  0x000001d0       0xe0 build/hal_stm32f4xx_hal.o
 .debug_ranges  0x000002b0       0xe8 build/hal_stm32f4xx_hal_cortex.o
 .debug_ranges  0x00000398       0x48 build/hal_stm32f4xx_hal_gpio.o
 .debug_ranges  0x000003e0      0x210 build/hal_stm32f4xx_hal_uart.o
 .debug_ranges  0x000005f0       0x90 build/hal_stm32f4xx_hal_rcc.o

.debug_macro    0x00000000    0x1aab0
 .debug_macro   0x00000000      0x3df build/system_stm32f4xx.o
 .debug_macro   0x000003df      0xad2 build/system_stm32f4xx.o
 .debug_macro   0x00000eb1       0x2e build/system_stm32f4xx.o
 .debug_macro   0x00000edf       0x28 build/system_stm32f4xx.o
 .debug_macro   0x00000f07       0x22 build/system_stm32f4xx.o
 .debug_macro   0x00000f29       0x8e build/system_stm32f4xx.o
 .debug_macro   0x00000fb7       0x51 build/system_stm32f4xx.o
 .debug_macro   0x00001008      0x103 build/system_stm32f4xx.o
 .debug_macro   0x0000110b       0x6a build/system_stm32f4xx.o
 .debug_macro   0x00001175      0x1df build/system_stm32f4xx.o
 .debug_macro   0x00001354       0x1c build/system_stm32f4xx.o
 .debug_macro   0x00001370       0x22 build/system_stm32f4xx.o
 .debug_macro   0x00001392       0xfb build/system_stm32f4xx.o
 .debug_macro   0x0000148d     0x1011 build/system_stm32f4xx.o
 .debug_macro   0x0000249e      0x11f build/system_stm32f4xx.o
 .debug_macro   0x000025bd     0xb953 build/system_stm32f4xx.o
 .debug_macro   0x0000df10       0x6d build/system_stm32f4xx.o
 .debug_macro   0x0000df7d      0x3b5 build/system_stm32f4xx.o
 .debug_macro   0x0000e332     0x369a build/system_stm32f4xx.o
 .debug_macro   0x000119cc      0x190 build/system_stm32f4xx.o
 .debug_macro   0x00011b5c       0x5c build/system_stm32f4xx.o
 .debug_macro   0x00011bb8      0x45c build/system_stm32f4xx.o
 .debug_macro   0x00012014      0x9e9 build/system_stm32f4xx.o
 .debug_macro   0x000129fd      0x115 build/system_stm32f4xx.o
 .debug_macro   0x00012b12      0x11b build/system_stm32f4xx.o
 .debug_macro   0x00012c2d       0xa5 build/system_stm32f4xx.o
 .debug_macro   0x00012cd2      0x15f build/system_stm32f4xx.o
 .debug_macro   0x00012e31      0x287 build/system_stm32f4xx.o
 .debug_macro   0x000130b8       0x5f build/system_stm32f4xx.o
 .debug_macro   0x00013117      0x236 build/system_stm32f4xx.o
 .debug_macro   0x0001334d      0x9e1 build/system_stm32f4xx.o
 .debug_macro   0x00013d2e      0x38b build/system_stm32f4xx.o
 .debug_macro   0x000140b9      0x17d build/system_stm32f4xx.o
 .debug_macro   0x00014236       0xf9 build/system_stm32f4xx.o
 .debug_macro   0x0001432f       0x22 build/system_stm32f4xx.o
 .debug_macro   0x00014351      0x132 build/system_stm32f4xx.o
 .debug_macro   0x00014483      0x264 build/system_stm32f4xx.o
 .debug_macro   0x000146e7       0x2e build/system_stm32f4xx.o
 .debug_macro   0x00014715      0x1b5 build/system_stm32f4xx.o
 .debug_macro   0x000148ca       0x22 build/system_stm32f4xx.o
 .debug_macro   0x000148ec       0xd6 build/system_stm32f4xx.o
 .debug_macro   0x000149c2      0x279 build/system_stm32f4xx.o
 .debug_macro   0x00014c3b      0x1a7 build/system_stm32f4xx.o
 .debug_macro   0x00014de2       0x46 build/system_stm32f4xx.o
 .debug_macro   0x00014e28       0x4a build/system_stm32f4xx.o
 .debug_macro   0x00014e72       0x78 build/system_stm32f4xx.o
 .debug_macro   0x00014eea      0x127 build/system_stm32f4xx.o
 .debug_macro   0x00015011       0x85 build/system_stm32f4xx.o
 .debug_macro   0x00015096       0x89 build/system_stm32f4xx.o
 .debug_macro   0x0001511f      0x305 build/system_stm32f4xx.o
 .debug_macro   0x00015424      0x429 build/system_stm32f4xx.o
 .debug_macro   0x0001584d       0xeb build/system_stm32f4xx.o
 .debug_macro   0x00015938      0x868 build/system_stm32f4xx.o
 .debug_macro   0x000161a0      0x1d5 build/system_stm32f4xx.o
 .debug_macro   0x00016375      0x225 build/system_stm32f4xx.o
 .debug_macro   0x0001659a      0x8ed build/system_stm32f4xx.o
 .debug_macro   0x00016e87       0x47 build/system_stm32f4xx.o
 .debug_macro   0x00016ece      0x2aa build/system_stm32f4xx.o
 .debug_macro   0x00017178      0x217 build/system_stm32f4xx.o
 .debug_macro   0x0001738f      0x1b5 build/system_stm32f4xx.o
 .debug_macro   0x00017544      0x2db build/system_stm32f4xx.o
 .debug_macro   0x0001781f       0x8d build/system_stm32f4xx.o
 .debug_macro   0x000178ac      0x293 build/system_stm32f4xx.o
 .debug_macro   0x00017b3f       0xba build/system_stm32f4xx.o
 .debug_macro   0x00017bf9       0x9e build/system_stm32f4xx.o
 .debug_macro   0x00017c97      0x1f7 build/system_stm32f4xx.o
 .debug_macro   0x00017e8e      0x126 build/system_stm32f4xx.o
 .debug_macro   0x00017fb4      0x413 build/uart.o
 .debug_macro   0x000183c7      0x11d build/uart.o
 .debug_macro   0x000184e4       0x7e build/uart.o
 .debug_macro   0x00018562      0x535 build/uart_comm_test.o
 .debug_macro   0x00018a97       0x61 build/uart_comm_test.o
 .debug_macro   0x00018af8       0x2a build/uart_comm_test.o
 .debug_macro   0x00018b22       0x43 build/uart_comm_test.o
 .debug_macro   0x00018b65       0x34 build/uart_comm_test.o
 .debug_macro   0x00018b99      0x370 build/uart_comm_test.o
 .debug_macro   0x00018f09       0x16 build/uart_comm_test.o
 .debug_macro   0x00018f1f       0x4a build/uart_comm_test.o
 .debug_macro   0x00018f69       0x34 build/uart_comm_test.o
 .debug_macro   0x00018f9d       0x10 build/uart_comm_test.o
 .debug_macro   0x00018fad       0x58 build/uart_comm_test.o
 .debug_macro   0x00019005       0x8e build/uart_comm_test.o
 .debug_macro   0x00019093       0x1c build/uart_comm_test.o
 .debug_macro   0x000190af      0x185 build/uart_comm_test.o
 .debug_macro   0x00019234       0x10 build/uart_comm_test.o
 .debug_macro   0x00019244       0x3c build/uart_comm_test.o
 .debug_macro   0x00019280       0x1c build/uart_comm_test.o
 .debug_macro   0x0001929c       0x10 build/uart_comm_test.o
 .debug_macro   0x000192ac       0x1c build/uart_comm_test.o
 .debug_macro   0x000192c8       0x16 build/uart_comm_test.o
 .debug_macro   0x000192de      0x146 build/uart_comm_test.o
 .debug_macro   0x00019424       0x4c build/uart_comm_test.o
 .debug_macro   0x00019470       0x56 build/uart_comm_test.o
 .debug_macro   0x000194c6      0x1e8 build/uart_comm_test.o
 .debug_macro   0x000196ae       0x1c build/uart_comm_test.o
 .debug_macro   0x000196ca      0x43f build/hal_stm32f4xx_hal.o
 .debug_macro   0x00019b09      0x3df build/hal_stm32f4xx_hal_cortex.o
 .debug_macro   0x00019ee8      0x3e5 build/hal_stm32f4xx_hal_gpio.o
 .debug_macro   0x0001a2cd      0x3e0 build/hal_stm32f4xx_hal_uart.o
 .debug_macro   0x0001a6ad      0x403 build/hal_stm32f4xx_hal_rcc.o

.debug_line     0x00000000     0xb53c
 .debug_line    0x00000000      0xb8b build/system_stm32f4xx.o
 .debug_line    0x00000b8b     0x130a build/uart.o
 .debug_line    0x00001e95     0x147b build/uart_comm_test.o
 .debug_line    0x00003310      0xe66 build/hal_stm32f4xx_hal.o
 .debug_line    0x00004176     0x1169 build/hal_stm32f4xx_hal_cortex.o
 .debug_line    0x000052df     0x1007 build/hal_stm32f4xx_hal_gpio.o
 .debug_line    0x000062e6     0x3da5 build/hal_stm32f4xx_hal_uart.o
 .debug_line    0x0000a08b     0x14b1 build/hal_stm32f4xx_hal_rcc.o

.debug_str      0x00000000    0xb1004
 .debug_str     0x00000000    0xb1004 build/system_stm32f4xx.o
                              0xaa52f (size before relaxing)
 .debug_str     0x000b1004    0xab66e build/uart.o
 .debug_str     0x000b1004    0xaf9ab build/uart_comm_test.o
 .debug_str     0x000b1004    0xaaf91 build/hal_stm32f4xx_hal.o
 .debug_str     0x000b1004    0xaacfb build/hal_stm32f4xx_hal_cortex.o
 .debug_str     0x000b1004    0xaa6e0 build/hal_stm32f4xx_hal_gpio.o
 .debug_str     0x000b1004    0xaaf79 build/hal_stm32f4xx_hal_uart.o
 .debug_str     0x000b1004    0xaa9aa build/hal_stm32f4xx_hal_rcc.o

.comment        0x00000000       0x45
 .comment       0x00000000       0x45 build/system_stm32f4xx.o
                                 0x46 (size before relaxing)
 .comment       0x00000045       0x46 build/uart.o
 .comment       0x00000045       0x46 build/uart_comm_test.o
 .comment       0x00000045       0x46 build/hal_stm32f4xx_hal.o
 .comment       0x00000045       0x46 build/hal_stm32f4xx_hal_cortex.o
 .comment       0x00000045       0x46 build/hal_stm32f4xx_hal_gpio.o
 .comment       0x00000045       0x46 build/hal_stm32f4xx_hal_uart.o
 .comment       0x00000045       0x46 build/hal_stm32f4xx_hal_rcc.o

.debug_frame    0x00000000     0x16f0
 .debug_frame   0x00000000       0x30 build/system_stm32f4xx.o
 .debug_frame   0x00000030      0x240 build/uart.o
 .debug_frame   0x00000270      0x218 build/uart_comm_test.o
 .debug_frame   0x00000488      0x1ec build/hal_stm32f4xx_hal.o
 .debug_frame   0x00000674      0x214 build/hal_stm32f4xx_hal_cortex.o
 .debug_frame   0x00000888       0xd8 build/hal_stm32f4xx_hal_gpio.o
 .debug_frame   0x00000960      0x5dc build/hal_stm32f4xx_hal_uart.o
 .debug_frame   0x00000f3c      0x16c build/hal_stm32f4xx_hal_rcc.o
 .debug_frame   0x000010a8       0x7c /Users/ll/embedded-tools/arm-gnu-toolchain-13.3.rel1-darwin-arm64-arm-none-eabi/bin/../lib/gcc/arm-none-eabi/13.3.1/../../../../arm-none-eabi/lib/thumb/v7e-m+fp/hard/libc_nano.a(libc_a-snprintf.o)
 .debug_frame   0x00001124      0x144 /Users/ll/embedded-tools/arm-gnu-toolchain-13.3.rel1-darwin-arm64-arm-none-eabi/bin/../lib/gcc/arm-none-eabi/13.3.1/../../../../arm-none-eabi/lib/thumb/v7e-m+fp/hard/libc_nano.a(libc_a-findfp.o)
 .debug_frame   0x00001268       0x4c /Users/ll/embedded-tools/arm-gnu-toolchain-13.3.rel1-darwin-arm64-arm-none-eabi/bin/../lib/gcc/arm-none-eabi/13.3.1/../../../../arm-none-eabi/lib/thumb/v7e-m+fp/hard/libc_nano.a(libc_a-vsnprintf.o)
 .debug_frame   0x000012b4       0x28 /Users/ll/embedded-tools/arm-gnu-toolchain-13.3.rel1-darwin-arm64-arm-none-eabi/bin/../lib/gcc/arm-none-eabi/13.3.1/../../../../arm-none-eabi/lib/thumb/v7e-m+fp/hard/libc_nano.a(libc_a-memmove.o)
 .debug_frame   0x000012dc       0x28 /Users/ll/embedded-tools/arm-gnu-toolchain-13.3.rel1-darwin-arm64-arm-none-eabi/bin/../lib/gcc/arm-none-eabi/13.3.1/../../../../arm-none-eabi/lib/thumb/v7e-m+fp/hard/libc_nano.a(libc_a-strncpy.o)
 .debug_frame   0x00001304       0x2c /Users/ll/embedded-tools/arm-gnu-toolchain-13.3.rel1-darwin-arm64-arm-none-eabi/bin/../lib/gcc/arm-none-eabi/13.3.1/../../../../arm-none-eabi/lib/thumb/v7e-m+fp/hard/libc_nano.a(libc_a-init.o)
 .debug_frame   0x00001330       0xb0 /Users/ll/embedded-tools/arm-gnu-toolchain-13.3.rel1-darwin-arm64-arm-none-eabi/bin/../lib/gcc/arm-none-eabi/13.3.1/../../../../arm-none-eabi/lib/thumb/v7e-m+fp/hard/libc_nano.a(libc_a-lock.o)
 .debug_frame   0x000013e0       0x90 /Users/ll/embedded-tools/arm-gnu-toolchain-13.3.rel1-darwin-arm64-arm-none-eabi/bin/../lib/gcc/arm-none-eabi/13.3.1/../../../../arm-none-eabi/lib/thumb/v7e-m+fp/hard/libc_nano.a(libc_a-nano-svfprintf.o)
 .debug_frame   0x00001470       0x50 /Users/ll/embedded-tools/arm-gnu-toolchain-13.3.rel1-darwin-arm64-arm-none-eabi/bin/../lib/gcc/arm-none-eabi/13.3.1/../../../../arm-none-eabi/lib/thumb/v7e-m+fp/hard/libc_nano.a(libc_a-mallocr.o)
 .debug_frame   0x000014c0       0x60 /Users/ll/embedded-tools/arm-gnu-toolchain-13.3.rel1-darwin-arm64-arm-none-eabi/bin/../lib/gcc/arm-none-eabi/13.3.1/../../../../arm-none-eabi/lib/thumb/v7e-m+fp/hard/libc_nano.a(libc_a-nano-vfprintf_i.o)
 .debug_frame   0x00001520       0x30 /Users/ll/embedded-tools/arm-gnu-toolchain-13.3.rel1-darwin-arm64-arm-none-eabi/bin/../lib/gcc/arm-none-eabi/13.3.1/../../../../arm-none-eabi/lib/thumb/v7e-m+fp/hard/libc_nano.a(libc_a-mlock.o)
 .debug_frame   0x00001550       0x3c /Users/ll/embedded-tools/arm-gnu-toolchain-13.3.rel1-darwin-arm64-arm-none-eabi/bin/../lib/gcc/arm-none-eabi/13.3.1/../../../../arm-none-eabi/lib/thumb/v7e-m+fp/hard/libc_nano.a(libc_a-reallocr.o)
 .debug_frame   0x0000158c       0x2c /Users/ll/embedded-tools/arm-gnu-toolchain-13.3.rel1-darwin-arm64-arm-none-eabi/bin/../lib/gcc/arm-none-eabi/13.3.1/../../../../arm-none-eabi/lib/thumb/v7e-m+fp/hard/libc_nano.a(libc_a-sbrkr.o)
 .debug_frame   0x000015b8       0x38 /Users/ll/embedded-tools/arm-gnu-toolchain-13.3.rel1-darwin-arm64-arm-none-eabi/bin/../lib/gcc/arm-none-eabi/13.3.1/../../../../arm-none-eabi/lib/thumb/v7e-m+fp/hard/libc_nano.a(libc_a-reent.o)
 .debug_frame   0x000015f0       0x28 /Users/ll/embedded-tools/arm-gnu-toolchain-13.3.rel1-darwin-arm64-arm-none-eabi/bin/../lib/gcc/arm-none-eabi/13.3.1/../../../../arm-none-eabi/lib/thumb/v7e-m+fp/hard/libc_nano.a(libc_a-memcpy-stub.o)
 .debug_frame   0x00001618       0x38 /Users/ll/embedded-tools/arm-gnu-toolchain-13.3.rel1-darwin-arm64-arm-none-eabi/bin/../lib/gcc/arm-none-eabi/13.3.1/../../../../arm-none-eabi/lib/thumb/v7e-m+fp/hard/libc_nano.a(libc_a-freer.o)
 .debug_frame   0x00001650       0x20 /Users/ll/embedded-tools/arm-gnu-toolchain-13.3.rel1-darwin-arm64-arm-none-eabi/bin/../lib/gcc/arm-none-eabi/13.3.1/../../../../arm-none-eabi/lib/thumb/v7e-m+fp/hard/libc_nano.a(libc_a-msizer.o)
 .debug_frame   0x00001670       0x20 /Users/ll/embedded-tools/arm-gnu-toolchain-13.3.rel1-darwin-arm64-arm-none-eabi/bin/../lib/gcc/arm-none-eabi/13.3.1/../../../../arm-none-eabi/lib/thumb/v7e-m+fp/hard/libnosys.a(sbrk.o)
 .debug_frame   0x00001690       0x2c /Users/ll/embedded-tools/arm-gnu-toolchain-13.3.rel1-darwin-arm64-arm-none-eabi/bin/../lib/gcc/arm-none-eabi/13.3.1/thumb/v7e-m+fp/hard/libgcc.a(_aeabi_uldivmod.o)
 .debug_frame   0x000016bc       0x34 /Users/ll/embedded-tools/arm-gnu-toolchain-13.3.rel1-darwin-arm64-arm-none-eabi/bin/../lib/gcc/arm-none-eabi/13.3.1/thumb/v7e-m+fp/hard/libgcc.a(_udivmoddi4.o)

.debug_line_str
                0x00000000      0x1db
 .debug_line_str
                0x00000000      0x1db /Users/ll/embedded-tools/arm-gnu-toolchain-13.3.rel1-darwin-arm64-arm-none-eabi/bin/../lib/gcc/arm-none-eabi/13.3.1/../../../../arm-none-eabi/lib/thumb/v7e-m+fp/hard/libc_nano.a(libc_a-strlen.o)
                                 0xf4 (size before relaxing)
 .debug_line_str
                0x000001db       0xea /Users/ll/embedded-tools/arm-gnu-toolchain-13.3.rel1-darwin-arm64-arm-none-eabi/bin/../lib/gcc/arm-none-eabi/13.3.1/../../../../arm-none-eabi/lib/thumb/v7e-m+fp/hard/libc_nano.a(libc_a-memchr.o)
 .debug_line_str
                0x000001db       0xd2 /Users/ll/embedded-tools/arm-gnu-toolchain-13.3.rel1-darwin-arm64-arm-none-eabi/bin/../lib/gcc/arm-none-eabi/13.3.1/thumb/v7e-m+fp/hard/libgcc.a(_aeabi_uldivmod.o)
 .debug_line_str
                0x000001db       0xd6 /Users/ll/embedded-tools/arm-gnu-toolchain-13.3.rel1-darwin-arm64-arm-none-eabi/bin/../lib/gcc/arm-none-eabi/13.3.1/thumb/v7e-m+fp/hard/libgcc.a(_dvmd_tls.o)

Cross Reference Table

Symbol                                            File
ADC_IRQHandler                                    build/startup_stm32f411xe.o
AHBPrescTable                                     build/system_stm32f4xx.o
                                                  build/hal_stm32f4xx_hal_rcc.o
APBPrescTable                                     build/system_stm32f4xx.o
                                                  build/hal_stm32f4xx_hal_rcc.o
BusFault_Handler                                  build/startup_stm32f411xe.o
DMA1_Stream0_IRQHandler                           build/startup_stm32f411xe.o
DMA1_Stream1_IRQHandler                           build/startup_stm32f411xe.o
DMA1_Stream2_IRQHandler                           build/startup_stm32f411xe.o
DMA1_Stream3_IRQHandler                           build/startup_stm32f411xe.o
DMA1_Stream4_IRQHandler                           build/startup_stm32f411xe.o
DMA1_Stream5_IRQHandler                           build/startup_stm32f411xe.o
DMA1_Stream6_IRQHandler                           build/startup_stm32f411xe.o
DMA1_Stream7_IRQHandler                           build/startup_stm32f411xe.o
DMA2_Stream0_IRQHandler                           build/startup_stm32f411xe.o
DMA2_Stream1_IRQHandler                           build/startup_stm32f411xe.o
DMA2_Stream2_IRQHandler                           build/startup_stm32f411xe.o
DMA2_Stream3_IRQHandler                           build/startup_stm32f411xe.o
DMA2_Stream4_IRQHandler                           build/startup_stm32f411xe.o
DMA2_Stream5_IRQHandler                           build/startup_stm32f411xe.o
DMA2_Stream6_IRQHandler                           build/startup_stm32f411xe.o
DMA2_Stream7_IRQHandler                           build/startup_stm32f411xe.o
DebugMon_Handler                                  build/startup_stm32f411xe.o
Default_Handler                                   build/startup_stm32f411xe.o
EXTI0_IRQHandler                                  build/startup_stm32f411xe.o
EXTI15_10_IRQHandler                              build/startup_stm32f411xe.o
EXTI1_IRQHandler                                  build/startup_stm32f411xe.o
EXTI2_IRQHandler                                  build/startup_stm32f411xe.o
EXTI3_IRQHandler                                  build/startup_stm32f411xe.o
EXTI4_IRQHandler                                  build/startup_stm32f411xe.o
EXTI9_5_IRQHandler                                build/startup_stm32f411xe.o
FLASH_IRQHandler                                  build/startup_stm32f411xe.o
FPU_IRQHandler                                    build/startup_stm32f411xe.o
HAL_CORTEX_ClearEvent                             build/hal_stm32f4xx_hal_cortex.o
HAL_DBGMCU_DisableDBGSleepMode                    build/hal_stm32f4xx_hal.o
HAL_DBGMCU_DisableDBGStandbyMode                  build/hal_stm32f4xx_hal.o
HAL_DBGMCU_DisableDBGStopMode                     build/hal_stm32f4xx_hal.o
HAL_DBGMCU_EnableDBGSleepMode                     build/hal_stm32f4xx_hal.o
HAL_DBGMCU_EnableDBGStandbyMode                   build/hal_stm32f4xx_hal.o
HAL_DBGMCU_EnableDBGStopMode                      build/hal_stm32f4xx_hal.o
HAL_DMA_Abort                                     build/hal_stm32f4xx_hal_dma.o
                                                  build/hal_stm32f4xx_hal_uart.o
                                                  build/hal_stm32f4xx_hal_spi.o
HAL_DMA_Abort_IT                                  build/hal_stm32f4xx_hal_dma.o
                                                  build/hal_stm32f4xx_hal_tim_ex.o
                                                  build/hal_stm32f4xx_hal_tim.o
                                                  build/hal_stm32f4xx_hal_uart.o
                                                  build/hal_stm32f4xx_hal_spi.o
                                                  build/hal_stm32f4xx_hal_i2c.o
HAL_DMA_DeInit                                    build/hal_stm32f4xx_hal_dma.o
HAL_DMA_GetError                                  build/hal_stm32f4xx_hal_dma.o
                                                  build/hal_stm32f4xx_hal_uart.o
                                                  build/hal_stm32f4xx_hal_i2c.o
HAL_DMA_GetState                                  build/hal_stm32f4xx_hal_dma.o
                                                  build/hal_stm32f4xx_hal_i2c.o
HAL_DMA_IRQHandler                                build/hal_stm32f4xx_hal_dma.o
HAL_DMA_Init                                      build/hal_stm32f4xx_hal_dma.o
HAL_DMA_PollForTransfer                           build/hal_stm32f4xx_hal_dma.o
HAL_DMA_RegisterCallback                          build/hal_stm32f4xx_hal_dma.o
HAL_DMA_Start                                     build/hal_stm32f4xx_hal_dma.o
HAL_DMA_Start_IT                                  build/hal_stm32f4xx_hal_dma.o
                                                  build/hal_stm32f4xx_hal_tim_ex.o
                                                  build/hal_stm32f4xx_hal_tim.o
                                                  build/hal_stm32f4xx_hal_uart.o
                                                  build/hal_stm32f4xx_hal_spi.o
                                                  build/hal_stm32f4xx_hal_i2c.o
HAL_DMA_UnRegisterCallback                        build/hal_stm32f4xx_hal_dma.o
HAL_DeInit                                        build/hal_stm32f4xx_hal.o
HAL_Delay                                         build/hal_stm32f4xx_hal.o
                                                  build/uart_comm_test.o
HAL_DisableCompensationCell                       build/hal_stm32f4xx_hal.o
HAL_EnableCompensationCell                        build/hal_stm32f4xx_hal.o
HAL_GPIO_DeInit                                   build/hal_stm32f4xx_hal_gpio.o
                                                  build/uart.o
                                                  build/gpio.o
HAL_GPIO_EXTI_Callback                            build/hal_stm32f4xx_hal_gpio.o
HAL_GPIO_EXTI_IRQHandler                          build/hal_stm32f4xx_hal_gpio.o
HAL_GPIO_Init                                     build/hal_stm32f4xx_hal_gpio.o
                                                  build/hal_stm32f4xx_hal_rcc.o
                                                  build/uart_comm_test.o
                                                  build/uart.o
                                                  build/gpio.o
HAL_GPIO_LockPin                                  build/hal_stm32f4xx_hal_gpio.o
HAL_GPIO_ReadPin                                  build/hal_stm32f4xx_hal_gpio.o
                                                  build/gpio.o
HAL_GPIO_TogglePin                                build/hal_stm32f4xx_hal_gpio.o
                                                  build/gpio.o
HAL_GPIO_WritePin                                 build/hal_stm32f4xx_hal_gpio.o
                                                  build/gpio.o
HAL_GetDEVID                                      build/hal_stm32f4xx_hal.o
HAL_GetHalVersion                                 build/hal_stm32f4xx_hal.o
HAL_GetREVID                                      build/hal_stm32f4xx_hal.o
HAL_GetTick                                       build/hal_stm32f4xx_hal.o
                                                  build/hal_stm32f4xx_hal_dma.o
                                                  build/hal_stm32f4xx_hal_pwr_ex.o
                                                  build/hal_stm32f4xx_hal_rcc_ex.o
                                                  build/hal_stm32f4xx_hal_rcc.o
                                                  build/hal_stm32f4xx_hal_uart.o
                                                  build/hal_stm32f4xx_hal_spi.o
                                                  build/hal_stm32f4xx_hal_i2c.o
                                                  build/uart_comm_test.o
HAL_GetTickFreq                                   build/hal_stm32f4xx_hal.o
HAL_GetTickPrio                                   build/hal_stm32f4xx_hal.o
HAL_GetUIDw0                                      build/hal_stm32f4xx_hal.o
HAL_GetUIDw1                                      build/hal_stm32f4xx_hal.o
HAL_GetUIDw2                                      build/hal_stm32f4xx_hal.o
HAL_HalfDuplex_EnableReceiver                     build/hal_stm32f4xx_hal_uart.o
HAL_HalfDuplex_EnableTransmitter                  build/hal_stm32f4xx_hal_uart.o
HAL_HalfDuplex_Init                               build/hal_stm32f4xx_hal_uart.o
HAL_I2C_AbortCpltCallback                         build/hal_stm32f4xx_hal_i2c.o
HAL_I2C_AddrCallback                              build/hal_stm32f4xx_hal_i2c.o
HAL_I2C_DeInit                                    build/hal_stm32f4xx_hal_i2c.o
HAL_I2C_DisableListen_IT                          build/hal_stm32f4xx_hal_i2c.o
HAL_I2C_ER_IRQHandler                             build/hal_stm32f4xx_hal_i2c.o
HAL_I2C_EV_IRQHandler                             build/hal_stm32f4xx_hal_i2c.o
HAL_I2C_EnableListen_IT                           build/hal_stm32f4xx_hal_i2c.o
HAL_I2C_ErrorCallback                             build/hal_stm32f4xx_hal_i2c.o
HAL_I2C_GetError                                  build/hal_stm32f4xx_hal_i2c.o
HAL_I2C_GetMode                                   build/hal_stm32f4xx_hal_i2c.o
HAL_I2C_GetState                                  build/hal_stm32f4xx_hal_i2c.o
HAL_I2C_Init                                      build/hal_stm32f4xx_hal_i2c.o
HAL_I2C_IsDeviceReady                             build/hal_stm32f4xx_hal_i2c.o
HAL_I2C_ListenCpltCallback                        build/hal_stm32f4xx_hal_i2c.o
HAL_I2C_MasterRxCpltCallback                      build/hal_stm32f4xx_hal_i2c.o
HAL_I2C_MasterTxCpltCallback                      build/hal_stm32f4xx_hal_i2c.o
HAL_I2C_Master_Abort_IT                           build/hal_stm32f4xx_hal_i2c.o
HAL_I2C_Master_Receive                            build/hal_stm32f4xx_hal_i2c.o
HAL_I2C_Master_Receive_DMA                        build/hal_stm32f4xx_hal_i2c.o
HAL_I2C_Master_Receive_IT                         build/hal_stm32f4xx_hal_i2c.o
HAL_I2C_Master_Seq_Receive_DMA                    build/hal_stm32f4xx_hal_i2c.o
HAL_I2C_Master_Seq_Receive_IT                     build/hal_stm32f4xx_hal_i2c.o
HAL_I2C_Master_Seq_Transmit_DMA                   build/hal_stm32f4xx_hal_i2c.o
HAL_I2C_Master_Seq_Transmit_IT                    build/hal_stm32f4xx_hal_i2c.o
HAL_I2C_Master_Transmit                           build/hal_stm32f4xx_hal_i2c.o
HAL_I2C_Master_Transmit_DMA                       build/hal_stm32f4xx_hal_i2c.o
HAL_I2C_Master_Transmit_IT                        build/hal_stm32f4xx_hal_i2c.o
HAL_I2C_MemRxCpltCallback                         build/hal_stm32f4xx_hal_i2c.o
HAL_I2C_MemTxCpltCallback                         build/hal_stm32f4xx_hal_i2c.o
HAL_I2C_Mem_Read                                  build/hal_stm32f4xx_hal_i2c.o
HAL_I2C_Mem_Read_DMA                              build/hal_stm32f4xx_hal_i2c.o
HAL_I2C_Mem_Read_IT                               build/hal_stm32f4xx_hal_i2c.o
HAL_I2C_Mem_Write                                 build/hal_stm32f4xx_hal_i2c.o
HAL_I2C_Mem_Write_DMA                             build/hal_stm32f4xx_hal_i2c.o
HAL_I2C_Mem_Write_IT                              build/hal_stm32f4xx_hal_i2c.o
HAL_I2C_MspDeInit                                 build/hal_stm32f4xx_hal_i2c.o
HAL_I2C_MspInit                                   build/hal_stm32f4xx_hal_i2c.o
HAL_I2C_SlaveRxCpltCallback                       build/hal_stm32f4xx_hal_i2c.o
HAL_I2C_SlaveTxCpltCallback                       build/hal_stm32f4xx_hal_i2c.o
HAL_I2C_Slave_Receive                             build/hal_stm32f4xx_hal_i2c.o
HAL_I2C_Slave_Receive_DMA                         build/hal_stm32f4xx_hal_i2c.o
HAL_I2C_Slave_Receive_IT                          build/hal_stm32f4xx_hal_i2c.o
HAL_I2C_Slave_Seq_Receive_DMA                     build/hal_stm32f4xx_hal_i2c.o
HAL_I2C_Slave_Seq_Receive_IT                      build/hal_stm32f4xx_hal_i2c.o
HAL_I2C_Slave_Seq_Transmit_DMA                    build/hal_stm32f4xx_hal_i2c.o
HAL_I2C_Slave_Seq_Transmit_IT                     build/hal_stm32f4xx_hal_i2c.o
HAL_I2C_Slave_Transmit                            build/hal_stm32f4xx_hal_i2c.o
HAL_I2C_Slave_Transmit_DMA                        build/hal_stm32f4xx_hal_i2c.o
HAL_I2C_Slave_Transmit_IT                         build/hal_stm32f4xx_hal_i2c.o
HAL_IncTick                                       build/hal_stm32f4xx_hal.o
HAL_Init                                          build/hal_stm32f4xx_hal.o
                                                  build/uart_comm_test.o
HAL_InitTick                                      build/hal_stm32f4xx_hal.o
                                                  build/hal_stm32f4xx_hal_rcc_ex.o
                                                  build/hal_stm32f4xx_hal_rcc.o
HAL_LIN_Init                                      build/hal_stm32f4xx_hal_uart.o
HAL_LIN_SendBreak                                 build/hal_stm32f4xx_hal_uart.o
HAL_MPU_ConfigRegion                              build/hal_stm32f4xx_hal_cortex.o
HAL_MPU_Disable                                   build/hal_stm32f4xx_hal_cortex.o
HAL_MPU_DisableRegion                             build/hal_stm32f4xx_hal_cortex.o
HAL_MPU_Enable                                    build/hal_stm32f4xx_hal_cortex.o
HAL_MPU_EnableRegion                              build/hal_stm32f4xx_hal_cortex.o
HAL_MspDeInit                                     build/hal_stm32f4xx_hal.o
HAL_MspInit                                       build/hal_stm32f4xx_hal.o
HAL_MultiProcessor_EnterMuteMode                  build/hal_stm32f4xx_hal_uart.o
HAL_MultiProcessor_ExitMuteMode                   build/hal_stm32f4xx_hal_uart.o
HAL_MultiProcessor_Init                           build/hal_stm32f4xx_hal_uart.o
HAL_NVIC_ClearPendingIRQ                          build/hal_stm32f4xx_hal_cortex.o
HAL_NVIC_DisableIRQ                               build/hal_stm32f4xx_hal_cortex.o
HAL_NVIC_EnableIRQ                                build/hal_stm32f4xx_hal_cortex.o
HAL_NVIC_GetActive                                build/hal_stm32f4xx_hal_cortex.o
HAL_NVIC_GetPendingIRQ                            build/hal_stm32f4xx_hal_cortex.o
HAL_NVIC_GetPriority                              build/hal_stm32f4xx_hal_cortex.o
HAL_NVIC_GetPriorityGrouping                      build/hal_stm32f4xx_hal_cortex.o
HAL_NVIC_SetPendingIRQ                            build/hal_stm32f4xx_hal_cortex.o
HAL_NVIC_SetPriority                              build/hal_stm32f4xx_hal_cortex.o
                                                  build/hal_stm32f4xx_hal.o
HAL_NVIC_SetPriorityGrouping                      build/hal_stm32f4xx_hal_cortex.o
                                                  build/hal_stm32f4xx_hal.o
HAL_NVIC_SystemReset                              build/hal_stm32f4xx_hal_cortex.o
HAL_PWREx_ControlVoltageScaling                   build/hal_stm32f4xx_hal_pwr_ex.o
HAL_PWREx_DisableBkUpReg                          build/hal_stm32f4xx_hal_pwr_ex.o
HAL_PWREx_DisableFlashPowerDown                   build/hal_stm32f4xx_hal_pwr_ex.o
HAL_PWREx_DisableLowRegulatorLowVoltage           build/hal_stm32f4xx_hal_pwr_ex.o
HAL_PWREx_DisableMainRegulatorLowVoltage          build/hal_stm32f4xx_hal_pwr_ex.o
HAL_PWREx_EnableBkUpReg                           build/hal_stm32f4xx_hal_pwr_ex.o
HAL_PWREx_EnableFlashPowerDown                    build/hal_stm32f4xx_hal_pwr_ex.o
HAL_PWREx_EnableLowRegulatorLowVoltage            build/hal_stm32f4xx_hal_pwr_ex.o
HAL_PWREx_EnableMainRegulatorLowVoltage           build/hal_stm32f4xx_hal_pwr_ex.o
HAL_PWREx_GetVoltageRange                         build/hal_stm32f4xx_hal_pwr_ex.o
HAL_PWR_ConfigPVD                                 build/hal_stm32f4xx_hal_pwr.o
HAL_PWR_DeInit                                    build/hal_stm32f4xx_hal_pwr.o
HAL_PWR_DisableBkUpAccess                         build/hal_stm32f4xx_hal_pwr.o
HAL_PWR_DisablePVD                                build/hal_stm32f4xx_hal_pwr.o
HAL_PWR_DisableSEVOnPend                          build/hal_stm32f4xx_hal_pwr.o
HAL_PWR_DisableSleepOnExit                        build/hal_stm32f4xx_hal_pwr.o
HAL_PWR_DisableWakeUpPin                          build/hal_stm32f4xx_hal_pwr.o
HAL_PWR_EnableBkUpAccess                          build/hal_stm32f4xx_hal_pwr.o
HAL_PWR_EnablePVD                                 build/hal_stm32f4xx_hal_pwr.o
HAL_PWR_EnableSEVOnPend                           build/hal_stm32f4xx_hal_pwr.o
HAL_PWR_EnableSleepOnExit                         build/hal_stm32f4xx_hal_pwr.o
HAL_PWR_EnableWakeUpPin                           build/hal_stm32f4xx_hal_pwr.o
HAL_PWR_EnterSLEEPMode                            build/hal_stm32f4xx_hal_pwr.o
HAL_PWR_EnterSTANDBYMode                          build/hal_stm32f4xx_hal_pwr.o
HAL_PWR_EnterSTOPMode                             build/hal_stm32f4xx_hal_pwr.o
HAL_PWR_PVDCallback                               build/hal_stm32f4xx_hal_pwr.o
HAL_PWR_PVD_IRQHandler                            build/hal_stm32f4xx_hal_pwr.o
HAL_RCCEx_DisablePLLI2S                           build/hal_stm32f4xx_hal_rcc_ex.o
HAL_RCCEx_EnablePLLI2S                            build/hal_stm32f4xx_hal_rcc_ex.o
HAL_RCCEx_GetPeriphCLKConfig                      build/hal_stm32f4xx_hal_rcc_ex.o
HAL_RCCEx_GetPeriphCLKFreq                        build/hal_stm32f4xx_hal_rcc_ex.o
HAL_RCCEx_PeriphCLKConfig                         build/hal_stm32f4xx_hal_rcc_ex.o
HAL_RCCEx_SelectLSEMode                           build/hal_stm32f4xx_hal_rcc_ex.o
HAL_RCC_CSSCallback                               build/hal_stm32f4xx_hal_rcc.o
HAL_RCC_ClockConfig                               build/hal_stm32f4xx_hal_rcc.o
HAL_RCC_DeInit                                    build/hal_stm32f4xx_hal_rcc_ex.o
                                                  build/hal_stm32f4xx_hal_rcc.o
HAL_RCC_DisableCSS                                build/hal_stm32f4xx_hal_rcc.o
HAL_RCC_EnableCSS                                 build/hal_stm32f4xx_hal_rcc.o
HAL_RCC_GetClockConfig                            build/hal_stm32f4xx_hal_rcc.o
HAL_RCC_GetHCLKFreq                               build/hal_stm32f4xx_hal_rcc.o
HAL_RCC_GetOscConfig                              build/hal_stm32f4xx_hal_rcc.o
HAL_RCC_GetPCLK1Freq                              build/hal_stm32f4xx_hal_rcc.o
                                                  build/hal_stm32f4xx_hal_uart.o
                                                  build/hal_stm32f4xx_hal_i2c.o
HAL_RCC_GetPCLK2Freq                              build/hal_stm32f4xx_hal_rcc.o
                                                  build/hal_stm32f4xx_hal_uart.o
HAL_RCC_GetSysClockFreq                           build/hal_stm32f4xx_hal_rcc.o
HAL_RCC_MCOConfig                                 build/hal_stm32f4xx_hal_rcc.o
HAL_RCC_NMI_IRQHandler                            build/hal_stm32f4xx_hal_rcc.o
HAL_RCC_OscConfig                                 build/hal_stm32f4xx_hal_rcc.o
HAL_ResumeTick                                    build/hal_stm32f4xx_hal.o
HAL_SPI_Abort                                     build/hal_stm32f4xx_hal_spi.o
HAL_SPI_AbortCpltCallback                         build/hal_stm32f4xx_hal_spi.o
HAL_SPI_Abort_IT                                  build/hal_stm32f4xx_hal_spi.o
HAL_SPI_DMAPause                                  build/hal_stm32f4xx_hal_spi.o
HAL_SPI_DMAResume                                 build/hal_stm32f4xx_hal_spi.o
HAL_SPI_DMAStop                                   build/hal_stm32f4xx_hal_spi.o
HAL_SPI_DeInit                                    build/hal_stm32f4xx_hal_spi.o
HAL_SPI_ErrorCallback                             build/hal_stm32f4xx_hal_spi.o
HAL_SPI_GetError                                  build/hal_stm32f4xx_hal_spi.o
HAL_SPI_GetState                                  build/hal_stm32f4xx_hal_spi.o
HAL_SPI_IRQHandler                                build/hal_stm32f4xx_hal_spi.o
HAL_SPI_Init                                      build/hal_stm32f4xx_hal_spi.o
HAL_SPI_MspDeInit                                 build/hal_stm32f4xx_hal_spi.o
HAL_SPI_MspInit                                   build/hal_stm32f4xx_hal_spi.o
HAL_SPI_Receive                                   build/hal_stm32f4xx_hal_spi.o
HAL_SPI_Receive_DMA                               build/hal_stm32f4xx_hal_spi.o
HAL_SPI_Receive_IT                                build/hal_stm32f4xx_hal_spi.o
HAL_SPI_RxCpltCallback                            build/hal_stm32f4xx_hal_spi.o
HAL_SPI_RxHalfCpltCallback                        build/hal_stm32f4xx_hal_spi.o
HAL_SPI_Transmit                                  build/hal_stm32f4xx_hal_spi.o
HAL_SPI_TransmitReceive                           build/hal_stm32f4xx_hal_spi.o
HAL_SPI_TransmitReceive_DMA                       build/hal_stm32f4xx_hal_spi.o
HAL_SPI_TransmitReceive_IT                        build/hal_stm32f4xx_hal_spi.o
HAL_SPI_Transmit_DMA                              build/hal_stm32f4xx_hal_spi.o
HAL_SPI_Transmit_IT                               build/hal_stm32f4xx_hal_spi.o
HAL_SPI_TxCpltCallback                            build/hal_stm32f4xx_hal_spi.o
HAL_SPI_TxHalfCpltCallback                        build/hal_stm32f4xx_hal_spi.o
HAL_SPI_TxRxCpltCallback                          build/hal_stm32f4xx_hal_spi.o
HAL_SPI_TxRxHalfCpltCallback                      build/hal_stm32f4xx_hal_spi.o
HAL_SYSTICK_CLKSourceConfig                       build/hal_stm32f4xx_hal_cortex.o
HAL_SYSTICK_Callback                              build/hal_stm32f4xx_hal_cortex.o
HAL_SYSTICK_Config                                build/hal_stm32f4xx_hal_cortex.o
                                                  build/hal_stm32f4xx_hal.o
HAL_SYSTICK_IRQHandler                            build/hal_stm32f4xx_hal_cortex.o
HAL_SetTickFreq                                   build/hal_stm32f4xx_hal.o
HAL_SuspendTick                                   build/hal_stm32f4xx_hal.o
HAL_TIMEx_BreakCallback                           build/hal_stm32f4xx_hal_tim_ex.o
                                                  build/hal_stm32f4xx_hal_tim.o
HAL_TIMEx_CommutCallback                          build/hal_stm32f4xx_hal_tim_ex.o
                                                  build/hal_stm32f4xx_hal_tim.o
HAL_TIMEx_CommutHalfCpltCallback                  build/hal_stm32f4xx_hal_tim_ex.o
HAL_TIMEx_ConfigBreakDeadTime                     build/hal_stm32f4xx_hal_tim_ex.o
HAL_TIMEx_ConfigCommutEvent                       build/hal_stm32f4xx_hal_tim_ex.o
HAL_TIMEx_ConfigCommutEvent_DMA                   build/hal_stm32f4xx_hal_tim_ex.o
HAL_TIMEx_ConfigCommutEvent_IT                    build/hal_stm32f4xx_hal_tim_ex.o
HAL_TIMEx_GetChannelNState                        build/hal_stm32f4xx_hal_tim_ex.o
HAL_TIMEx_HallSensor_DeInit                       build/hal_stm32f4xx_hal_tim_ex.o
HAL_TIMEx_HallSensor_GetState                     build/hal_stm32f4xx_hal_tim_ex.o
HAL_TIMEx_HallSensor_Init                         build/hal_stm32f4xx_hal_tim_ex.o
HAL_TIMEx_HallSensor_MspDeInit                    build/hal_stm32f4xx_hal_tim_ex.o
HAL_TIMEx_HallSensor_MspInit                      build/hal_stm32f4xx_hal_tim_ex.o
HAL_TIMEx_HallSensor_Start                        build/hal_stm32f4xx_hal_tim_ex.o
HAL_TIMEx_HallSensor_Start_DMA                    build/hal_stm32f4xx_hal_tim_ex.o
HAL_TIMEx_HallSensor_Start_IT                     build/hal_stm32f4xx_hal_tim_ex.o
HAL_TIMEx_HallSensor_Stop                         build/hal_stm32f4xx_hal_tim_ex.o
HAL_TIMEx_HallSensor_Stop_DMA                     build/hal_stm32f4xx_hal_tim_ex.o
HAL_TIMEx_HallSensor_Stop_IT                      build/hal_stm32f4xx_hal_tim_ex.o
HAL_TIMEx_MasterConfigSynchronization             build/hal_stm32f4xx_hal_tim_ex.o
HAL_TIMEx_OCN_Start                               build/hal_stm32f4xx_hal_tim_ex.o
HAL_TIMEx_OCN_Start_DMA                           build/hal_stm32f4xx_hal_tim_ex.o
HAL_TIMEx_OCN_Start_IT                            build/hal_stm32f4xx_hal_tim_ex.o
HAL_TIMEx_OCN_Stop                                build/hal_stm32f4xx_hal_tim_ex.o
HAL_TIMEx_OCN_Stop_DMA                            build/hal_stm32f4xx_hal_tim_ex.o
HAL_TIMEx_OCN_Stop_IT                             build/hal_stm32f4xx_hal_tim_ex.o
HAL_TIMEx_OnePulseN_Start                         build/hal_stm32f4xx_hal_tim_ex.o
HAL_TIMEx_OnePulseN_Start_IT                      build/hal_stm32f4xx_hal_tim_ex.o
HAL_TIMEx_OnePulseN_Stop                          build/hal_stm32f4xx_hal_tim_ex.o
HAL_TIMEx_OnePulseN_Stop_IT                       build/hal_stm32f4xx_hal_tim_ex.o
HAL_TIMEx_PWMN_Start                              build/hal_stm32f4xx_hal_tim_ex.o
HAL_TIMEx_PWMN_Start_DMA                          build/hal_stm32f4xx_hal_tim_ex.o
HAL_TIMEx_PWMN_Start_IT                           build/hal_stm32f4xx_hal_tim_ex.o
HAL_TIMEx_PWMN_Stop                               build/hal_stm32f4xx_hal_tim_ex.o
HAL_TIMEx_PWMN_Stop_DMA                           build/hal_stm32f4xx_hal_tim_ex.o
HAL_TIMEx_PWMN_Stop_IT                            build/hal_stm32f4xx_hal_tim_ex.o
HAL_TIMEx_RemapConfig                             build/hal_stm32f4xx_hal_tim_ex.o
HAL_TIM_Base_DeInit                               build/hal_stm32f4xx_hal_tim.o
HAL_TIM_Base_GetState                             build/hal_stm32f4xx_hal_tim.o
HAL_TIM_Base_Init                                 build/hal_stm32f4xx_hal_tim.o
HAL_TIM_Base_MspDeInit                            build/hal_stm32f4xx_hal_tim.o
HAL_TIM_Base_MspInit                              build/hal_stm32f4xx_hal_tim.o
HAL_TIM_Base_Start                                build/hal_stm32f4xx_hal_tim.o
HAL_TIM_Base_Start_DMA                            build/hal_stm32f4xx_hal_tim.o
HAL_TIM_Base_Start_IT                             build/hal_stm32f4xx_hal_tim.o
HAL_TIM_Base_Stop                                 build/hal_stm32f4xx_hal_tim.o
HAL_TIM_Base_Stop_DMA                             build/hal_stm32f4xx_hal_tim.o
HAL_TIM_Base_Stop_IT                              build/hal_stm32f4xx_hal_tim.o
HAL_TIM_ConfigClockSource                         build/hal_stm32f4xx_hal_tim.o
HAL_TIM_ConfigOCrefClear                          build/hal_stm32f4xx_hal_tim.o
HAL_TIM_ConfigTI1Input                            build/hal_stm32f4xx_hal_tim.o
HAL_TIM_DMABurstState                             build/hal_stm32f4xx_hal_tim.o
HAL_TIM_DMABurst_MultiReadStart                   build/hal_stm32f4xx_hal_tim.o
HAL_TIM_DMABurst_MultiWriteStart                  build/hal_stm32f4xx_hal_tim.o
HAL_TIM_DMABurst_ReadStart                        build/hal_stm32f4xx_hal_tim.o
HAL_TIM_DMABurst_ReadStop                         build/hal_stm32f4xx_hal_tim.o
HAL_TIM_DMABurst_WriteStart                       build/hal_stm32f4xx_hal_tim.o
HAL_TIM_DMABurst_WriteStop                        build/hal_stm32f4xx_hal_tim.o
HAL_TIM_Encoder_DeInit                            build/hal_stm32f4xx_hal_tim.o
HAL_TIM_Encoder_GetState                          build/hal_stm32f4xx_hal_tim.o
HAL_TIM_Encoder_Init                              build/hal_stm32f4xx_hal_tim.o
HAL_TIM_Encoder_MspDeInit                         build/hal_stm32f4xx_hal_tim.o
HAL_TIM_Encoder_MspInit                           build/hal_stm32f4xx_hal_tim.o
HAL_TIM_Encoder_Start                             build/hal_stm32f4xx_hal_tim.o
HAL_TIM_Encoder_Start_DMA                         build/hal_stm32f4xx_hal_tim.o
HAL_TIM_Encoder_Start_IT                          build/hal_stm32f4xx_hal_tim.o
HAL_TIM_Encoder_Stop                              build/hal_stm32f4xx_hal_tim.o
HAL_TIM_Encoder_Stop_DMA                          build/hal_stm32f4xx_hal_tim.o
HAL_TIM_Encoder_Stop_IT                           build/hal_stm32f4xx_hal_tim.o
HAL_TIM_ErrorCallback                             build/hal_stm32f4xx_hal_tim.o
                                                  build/hal_stm32f4xx_hal_tim_ex.o
HAL_TIM_GenerateEvent                             build/hal_stm32f4xx_hal_tim.o
HAL_TIM_GetActiveChannel                          build/hal_stm32f4xx_hal_tim.o
HAL_TIM_GetChannelState                           build/hal_stm32f4xx_hal_tim.o
HAL_TIM_IC_CaptureCallback                        build/hal_stm32f4xx_hal_tim.o
HAL_TIM_IC_CaptureHalfCpltCallback                build/hal_stm32f4xx_hal_tim.o
HAL_TIM_IC_ConfigChannel                          build/hal_stm32f4xx_hal_tim.o
HAL_TIM_IC_DeInit                                 build/hal_stm32f4xx_hal_tim.o
HAL_TIM_IC_GetState                               build/hal_stm32f4xx_hal_tim.o
HAL_TIM_IC_Init                                   build/hal_stm32f4xx_hal_tim.o
HAL_TIM_IC_MspDeInit                              build/hal_stm32f4xx_hal_tim.o
HAL_TIM_IC_MspInit                                build/hal_stm32f4xx_hal_tim.o
HAL_TIM_IC_Start                                  build/hal_stm32f4xx_hal_tim.o
HAL_TIM_IC_Start_DMA                              build/hal_stm32f4xx_hal_tim.o
HAL_TIM_IC_Start_IT                               build/hal_stm32f4xx_hal_tim.o
HAL_TIM_IC_Stop                                   build/hal_stm32f4xx_hal_tim.o
HAL_TIM_IC_Stop_DMA                               build/hal_stm32f4xx_hal_tim.o
HAL_TIM_IC_Stop_IT                                build/hal_stm32f4xx_hal_tim.o
HAL_TIM_IRQHandler                                build/hal_stm32f4xx_hal_tim.o
HAL_TIM_OC_ConfigChannel                          build/hal_stm32f4xx_hal_tim.o
HAL_TIM_OC_DeInit                                 build/hal_stm32f4xx_hal_tim.o
HAL_TIM_OC_DelayElapsedCallback                   build/hal_stm32f4xx_hal_tim.o
HAL_TIM_OC_GetState                               build/hal_stm32f4xx_hal_tim.o
HAL_TIM_OC_Init                                   build/hal_stm32f4xx_hal_tim.o
HAL_TIM_OC_MspDeInit                              build/hal_stm32f4xx_hal_tim.o
HAL_TIM_OC_MspInit                                build/hal_stm32f4xx_hal_tim.o
HAL_TIM_OC_Start                                  build/hal_stm32f4xx_hal_tim.o
HAL_TIM_OC_Start_DMA                              build/hal_stm32f4xx_hal_tim.o
HAL_TIM_OC_Start_IT                               build/hal_stm32f4xx_hal_tim.o
HAL_TIM_OC_Stop                                   build/hal_stm32f4xx_hal_tim.o
HAL_TIM_OC_Stop_DMA                               build/hal_stm32f4xx_hal_tim.o
HAL_TIM_OC_Stop_IT                                build/hal_stm32f4xx_hal_tim.o
HAL_TIM_OnePulse_ConfigChannel                    build/hal_stm32f4xx_hal_tim.o
HAL_TIM_OnePulse_DeInit                           build/hal_stm32f4xx_hal_tim.o
HAL_TIM_OnePulse_GetState                         build/hal_stm32f4xx_hal_tim.o
HAL_TIM_OnePulse_Init                             build/hal_stm32f4xx_hal_tim.o
HAL_TIM_OnePulse_MspDeInit                        build/hal_stm32f4xx_hal_tim.o
HAL_TIM_OnePulse_MspInit                          build/hal_stm32f4xx_hal_tim.o
HAL_TIM_OnePulse_Start                            build/hal_stm32f4xx_hal_tim.o
HAL_TIM_OnePulse_Start_IT                         build/hal_stm32f4xx_hal_tim.o
HAL_TIM_OnePulse_Stop                             build/hal_stm32f4xx_hal_tim.o
HAL_TIM_OnePulse_Stop_IT                          build/hal_stm32f4xx_hal_tim.o
HAL_TIM_PWM_ConfigChannel                         build/hal_stm32f4xx_hal_tim.o
HAL_TIM_PWM_DeInit                                build/hal_stm32f4xx_hal_tim.o
HAL_TIM_PWM_GetState                              build/hal_stm32f4xx_hal_tim.o
HAL_TIM_PWM_Init                                  build/hal_stm32f4xx_hal_tim.o
HAL_TIM_PWM_MspDeInit                             build/hal_stm32f4xx_hal_tim.o
HAL_TIM_PWM_MspInit                               build/hal_stm32f4xx_hal_tim.o
HAL_TIM_PWM_PulseFinishedCallback                 build/hal_stm32f4xx_hal_tim.o
                                                  build/hal_stm32f4xx_hal_tim_ex.o
HAL_TIM_PWM_PulseFinishedHalfCpltCallback         build/hal_stm32f4xx_hal_tim.o
HAL_TIM_PWM_Start                                 build/hal_stm32f4xx_hal_tim.o
HAL_TIM_PWM_Start_DMA                             build/hal_stm32f4xx_hal_tim.o
HAL_TIM_PWM_Start_IT                              build/hal_stm32f4xx_hal_tim.o
HAL_TIM_PWM_Stop                                  build/hal_stm32f4xx_hal_tim.o
HAL_TIM_PWM_Stop_DMA                              build/hal_stm32f4xx_hal_tim.o
HAL_TIM_PWM_Stop_IT                               build/hal_stm32f4xx_hal_tim.o
HAL_TIM_PeriodElapsedCallback                     build/hal_stm32f4xx_hal_tim.o
HAL_TIM_PeriodElapsedHalfCpltCallback             build/hal_stm32f4xx_hal_tim.o
HAL_TIM_ReadCapturedValue                         build/hal_stm32f4xx_hal_tim.o
HAL_TIM_SlaveConfigSynchro                        build/hal_stm32f4xx_hal_tim.o
HAL_TIM_SlaveConfigSynchro_IT                     build/hal_stm32f4xx_hal_tim.o
HAL_TIM_TriggerCallback                           build/hal_stm32f4xx_hal_tim.o
HAL_TIM_TriggerHalfCpltCallback                   build/hal_stm32f4xx_hal_tim.o